Archive member included to satisfy reference by file (symbol)

app/libapp.a(zbus.c.obj)      (--whole-archive)
app/libapp.a(core.c.obj)      (--whole-archive)
app/libapp.a(main.c.obj)      (--whole-archive)
app/libapp.a(net.c.obj)       (--whole-archive)
app/libapp.a(peripheral.c.obj)
                              (--whole-archive)
zephyr/libzephyr.a(cbprintf.c.obj)
                              (--whole-archive)
zephyr/libzephyr.a(cbprintf_packaged.c.obj)
                              (--whole-archive)
zephyr/libzephyr.a(crc32c_sw.c.obj)
                              (--whole-archive)
zephyr/libzephyr.a(crc32_sw.c.obj)
                              (--whole-archive)
zephyr/libzephyr.a(crc16_sw.c.obj)
                              (--whole-archive)
zephyr/libzephyr.a(crc8_sw.c.obj)
                              (--whole-archive)
zephyr/libzephyr.a(crc7_sw.c.obj)
                              (--whole-archive)
zephyr/libzephyr.a(dec.c.obj)
                              (--whole-archive)
zephyr/libzephyr.a(fdtable.c.obj)
                              (--whole-archive)
zephyr/libzephyr.a(hex.c.obj)
                              (--whole-archive)
zephyr/libzephyr.a(notify.c.obj)
                              (--whole-archive)
zephyr/libzephyr.a(printk.c.obj)
                              (--whole-archive)
zephyr/libzephyr.a(onoff.c.obj)
                              (--whole-archive)
zephyr/libzephyr.a(rb.c.obj)  (--whole-archive)
zephyr/libzephyr.a(sem.c.obj)
                              (--whole-archive)
zephyr/libzephyr.a(thread_entry.c.obj)
                              (--whole-archive)
zephyr/libzephyr.a(timeutil.c.obj)
                              (--whole-archive)
zephyr/libzephyr.a(heap.c.obj)
                              (--whole-archive)
zephyr/libzephyr.a(heap-validate.c.obj)
                              (--whole-archive)
zephyr/libzephyr.a(bitarray.c.obj)
                              (--whole-archive)
zephyr/libzephyr.a(cbprintf_complete.c.obj)
                              (--whole-archive)
zephyr/libzephyr.a(configs.c.obj)
                              (--whole-archive)
zephyr/libzephyr.a(idle.c.obj)
                              (--whole-archive)
zephyr/libzephyr.a(soc_irq.S.obj)
                              (--whole-archive)
zephyr/libzephyr.a(soc_common_irq.c.obj)
                              (--whole-archive)
zephyr/libzephyr.a(vector.S.obj)
                              (--whole-archive)
zephyr/libzephyr.a(fe310_clock.c.obj)
                              (--whole-archive)
zephyr/libzephyr.a(log_minimal.c.obj)
                              (--whole-archive)
zephyr/libzephyr.a(tracing_none.c.obj)
                              (--whole-archive)
zephyr/libzephyr.a(uart_console.c.obj)
                              (--whole-archive)
zephyr/libzephyr.a(intc_plic.c.obj)
                              (--whole-archive)
zephyr/libzephyr.a(pinmux_sifive.c.obj)
                              (--whole-archive)
zephyr/libzephyr.a(sys_clock_init.c.obj)
                              (--whole-archive)
zephyr/libzephyr.a(riscv_machine_timer.c.obj)
                              (--whole-archive)
zephyr/arch/common/libarch__common.a(sw_isr_common.c.obj)
                              (--whole-archive)
zephyr/arch/arch/riscv/core/pmp/libarch__riscv__core__pmp.a(core_pmp.c.obj)
                              (--whole-archive)
zephyr/arch/arch/riscv/core/libarch__riscv__core.a(cpu_idle.c.obj)
                              (--whole-archive)
zephyr/arch/arch/riscv/core/libarch__riscv__core.a(fatal.c.obj)
                              (--whole-archive)
zephyr/arch/arch/riscv/core/libarch__riscv__core.a(irq_manage.c.obj)
                              (--whole-archive)
zephyr/arch/arch/riscv/core/libarch__riscv__core.a(isr.S.obj)
                              (--whole-archive)
zephyr/arch/arch/riscv/core/libarch__riscv__core.a(prep_c.c.obj)
                              (--whole-archive)
zephyr/arch/arch/riscv/core/libarch__riscv__core.a(reboot.c.obj)
                              (--whole-archive)
zephyr/arch/arch/riscv/core/libarch__riscv__core.a(reset.S.obj)
                              (--whole-archive)
zephyr/arch/arch/riscv/core/libarch__riscv__core.a(swap.S.obj)
                              (--whole-archive)
zephyr/arch/arch/riscv/core/libarch__riscv__core.a(thread.c.obj)
                              (--whole-archive)
zephyr/lib/libc/minimal/liblib__libc__minimal.a(abort.c.obj)
                              (--whole-archive)
zephyr/lib/libc/minimal/liblib__libc__minimal.a(atoi.c.obj)
                              (--whole-archive)
zephyr/lib/libc/minimal/liblib__libc__minimal.a(strtol.c.obj)
                              (--whole-archive)
zephyr/lib/libc/minimal/liblib__libc__minimal.a(strtoul.c.obj)
                              (--whole-archive)
zephyr/lib/libc/minimal/liblib__libc__minimal.a(malloc.c.obj)
                              (--whole-archive)
[...]
Memory Configuration

Name             Origin             Length             Attributes
ROM              0x0000000020010000 0x00000000003c0900 xr
RAM              0x0000000080000000 0x0000000000004000 xrw
IDT_LIST         0x00000000fffff7ff 0x0000000000000800 xw
*default*        0x0000000000000000 0xffffffffffffffff

Linker script and memory map

LOAD zephyr/CMakeFiles/zephyr_final.dir/misc/empty_file.c.obj
LOAD zephyr/CMakeFiles/zephyr_final.dir/isr_tables.c.obj
LOAD zephyr/CMakeFiles/zephyr_final.dir/dev_handles.c.obj
LOAD zephyr/CMakeFiles/offsets.dir/./arch/riscv/core/offsets/offsets.c.obj

.rel.plt        0x0000000000000000        0x0
 *(SORT_BY_ALIGNMENT(.rel.plt))
                [!provide]                        PROVIDE (__rel_iplt_start = .)
 *(SORT_BY_ALIGNMENT(.rel.iplt))
                [!provide]                        PROVIDE (__rel_iplt_end = .)

.rela.plt       0x0000000000000000        0x0
 *(SORT_BY_ALIGNMENT(.rela.plt))
                [!provide]                        PROVIDE (__rela_iplt_start = .)
 *(SORT_BY_ALIGNMENT(.rela.iplt))
                [!provide]                        PROVIDE (__rela_iplt_end = .)

.rel.dyn
 *(SORT_BY_ALIGNMENT(.rel.*))

.rela.dyn       0x0000000020010000        0x0
 *(SORT_BY_ALIGNMENT(.rela.*))
 .rela.sdata._char_out
                0x0000000020010000        0x0 zephyr/CMakeFiles/zephyr_final.dir/isr_tables.c.obj
 .rela.exception.entry.__irq_wrapper
                0x0000000020010000        0x0 zephyr/CMakeFiles/zephyr_final.dir/isr_tables.c.obj
 .rela.text.z_impl_device_get_binding
                0x0000000020010000        0x0 zephyr/CMakeFiles/zephyr_final.dir/isr_tables.c.obj
 .rela.rodata.levels.0
                0x0000000020010000        0x0 zephyr/CMakeFiles/zephyr_final.dir/isr_tables.c.obj
 .rela.text.k_sys_fatal_error_handler
                0x0000000020010000        0x0 zephyr/CMakeFiles/zephyr_final.dir/isr_tables.c.obj
 .rela.text.z_fatal_error
                0x0000000020010000        0x0 zephyr/CMakeFiles/zephyr_final.dir/isr_tables.c.obj
 .rela.text.z_bss_zero
                0x0000000020010000        0x0 zephyr/CMakeFiles/zephyr_final.dir/isr_tables.c.obj
 .rela.text.z_init_static_threads
                0x0000000020010000        0x0 zephyr/CMakeFiles/zephyr_final.dir/isr_tables.c.obj
 .rela.text.z_data_copy
                0x0000000020010000        0x0 zephyr/CMakeFiles/zephyr_final.dir/isr_tables.c.obj
 .rela.text.statics_init
                0x0000000020010000        0x0 zephyr/CMakeFiles/zephyr_final.dir/isr_tables.c.obj

.plt
 *(SORT_BY_ALIGNMENT(.plt))

.iplt
 *(SORT_BY_ALIGNMENT(.iplt))
                0x0000000020010000                _image_rom_start = 0x20010000

vector          0x0000000020010000       0x10
                0x0000000020010000                . = ALIGN (0x4)
 *(SORT_BY_ALIGNMENT(.vectors.*))
 .vectors.__start
                0x0000000020010000       0x10 zephyr/libzephyr.a(vector.S.obj)
                0x0000000020010000                __start

reset
 *(SORT_BY_ALIGNMENT(.reset.*))

exceptions      0x0000000020010010      0x2b8
 *(SORT_BY_ALIGNMENT(.exception.entry.*))
 .exception.entry.__irq_wrapper
                0x0000000020010010      0x268 zephyr/arch/arch/riscv/core/libarch__riscv__core.a(isr.S.obj)
                0x0000000020010010                __irq_wrapper
 *(SORT_BY_ALIGNMENT(.exception.other.*))
 .exception.other.__soc_handle_irq
                0x0000000020010278       0x10 zephyr/libzephyr.a(soc_irq.S.obj)
                0x0000000020010278                __soc_handle_irq
 .exception.other.__soc_is_irq
                0x0000000020010288       0x1c zephyr/libzephyr.a(soc_irq.S.obj)
                0x0000000020010288                __soc_is_irq
 .exception.other.arch_swap
                0x00000000200102a4       0x24 zephyr/arch/arch/riscv/core/libarch__riscv__core.a(swap.S.obj)
                0x00000000200102a4                arch_swap

text            0x00000000200102c8     0x4994
                0x00000000200102c8                . = ALIGN (0x4)
 *(SORT_BY_ALIGNMENT(.openocd_debug))
 *(SORT_BY_ALIGNMENT(.openocd_debug.*))
                0x00000000200102c8                _image_text_start = .
 *(SORT_BY_ALIGNMENT(.text))
 .text          0x00000000200102c8       0x4c /home/rodrigo/.local/zephyr-sdk-0.13.2/riscv64-zephyr-elf/bin/../lib/gcc/riscv64-zephyr-elf/10.3.0/libgcc.a(_clzsi2.o)
                0x00000000200102c8                __clzsi2
 .text          0x0000000020010314      0x434 /home/rodrigo/.local/zephyr-sdk-0.13.2/riscv64-zephyr-elf/bin/../lib/gcc/riscv64-zephyr-elf/10.3.0/libgcc.a(_udivdi3.o)
                0x0000000020010314                __udivdi3
 .text          0x0000000020010748      0x404 /home/rodrigo/.local/zephyr-sdk-0.13.2/riscv64-zephyr-elf/bin/../lib/gcc/riscv64-zephyr-elf/10.3.0/libgcc.a(_umoddi3.o)
                0x0000000020010748                __umoddi3
 *(SORT_BY_ALIGNMENT(.text.*))
 .text._OffsetAbsSyms
                0x0000000020010b4c        0x4 zephyr/CMakeFiles/offsets.dir/./arch/riscv/core/offsets/offsets.c.obj
                0x0000000020010b4c                _OffsetAbsSyms
 .text.__zt_monitor_thread
                0x0000000020010b50       0xcc app/libapp.a(zbus.c.obj)
 .text.zt_channels_instance
                0x0000000020010c1c        0xc app/libapp.a(zbus.c.obj)
                0x0000000020010c1c                zt_channels_instance
 .text.__zt_chan_pub
                0x0000000020010c28      0x114 app/libapp.a(zbus.c.obj)
                0x0000000020010c28                __zt_chan_pub
 .text.__zt_chan_read
                0x0000000020010d3c       0xa4 app/libapp.a(zbus.c.obj)
                0x0000000020010d3c                __zt_chan_read
 .text.core_thread
                0x0000000020010de0       0xa8 app/libapp.a(core.c.obj)
                0x0000000020010de0                core_thread
 .text.main     0x0000000020010e88       0x44 app/libapp.a(main.c.obj)
                0x0000000020010e88                main
 .text.net_thread
                0x0000000020010ecc       0x84 app/libapp.a(net.c.obj)
                0x0000000020010ecc                net_thread
 .text.peripheral_thread
                0x0000000020010f50       0x8c app/libapp.a(peripheral.c.obj)
                0x0000000020010f50                peripheral_thread
 .text.arch_printk_char_out
                0x0000000020010fdc        0x8 zephyr/libzephyr.a(printk.c.obj)
                0x0000000020010fdc                arch_printk_char_out
 .text.char_out
                0x0000000020010fe4       0x18 zephyr/libzephyr.a(printk.c.obj)
 .text.__printk_hook_install
                0x0000000020010ffc        0xc zephyr/libzephyr.a(printk.c.obj)
                0x0000000020010ffc                __printk_hook_install
 .text.vprintk  0x0000000020011008       0x30 zephyr/libzephyr.a(printk.c.obj)
                0x0000000020011008                vprintk
 .text.printk   0x0000000020011038       0x3c zephyr/libzephyr.a(printk.c.obj)
                0x0000000020011038                printk
 .text.z_thread_entry
                0x0000000020011074       0x24 zephyr/libzephyr.a(thread_entry.c.obj)
                0x0000000020011074                z_thread_entry
 .text.chunk_field
                0x0000000020011098       0x34 zephyr/libzephyr.a(heap.c.obj)
 .text.chunk_set
                0x00000000200110cc       0x34 zephyr/libzephyr.a(heap.c.obj)
 .text.chunk_size
                0x0000000020011100       0x20 zephyr/libzephyr.a(heap.c.obj)
 .text.set_chunk_used
                0x0000000020011120       0x4c zephyr/libzephyr.a(heap.c.obj)
 .text.set_chunk_size
                0x000000002001116c        0xc zephyr/libzephyr.a(heap.c.obj)
 .text.bucket_idx.isra.0
                0x0000000020011178       0x44 zephyr/libzephyr.a(heap.c.obj)
 .text.free_list_add
                0x00000000200111bc      0x128 zephyr/libzephyr.a(heap.c.obj)
 .text.sys_heap_init
                0x00000000200112e4      0x13c zephyr/libzephyr.a(heap.c.obj)
                0x00000000200112e4                sys_heap_init
 .text.encode_uint
                0x0000000020011420      0x15c zephyr/libzephyr.a(cbprintf_complete.c.obj)
 .text.outs     0x000000002001157c       0x78 zephyr/libzephyr.a(cbprintf_complete.c.obj)
 .text.cbvprintf
                0x00000000200115f4      0xb0c zephyr/libzephyr.a(cbprintf_complete.c.obj)
                0x00000000200115f4                cbvprintf
 .text._ConfigAbsSyms
                0x0000000020012100        0x4 zephyr/libzephyr.a(configs.c.obj)
                0x0000000020012100                _ConfigAbsSyms
 .text.arch_cpu_idle
                0x0000000020012104       0x24 zephyr/libzephyr.a(idle.c.obj)
                0x0000000020012104                arch_cpu_idle
 .text.arch_irq_enable
                0x0000000020012128       0x24 zephyr/libzephyr.a(soc_common_irq.c.obj)
                0x0000000020012128                arch_irq_enable
 .text.arch_irq_disable
                0x000000002001214c       0x24 zephyr/libzephyr.a(soc_common_irq.c.obj)
                0x000000002001214c                arch_irq_disable
 .text.arch_irq_priority_set
                0x0000000020012170       0x18 zephyr/libzephyr.a(soc_common_irq.c.obj)
                0x0000000020012170                arch_irq_priority_set
 .text.soc_interrupt_init
                0x0000000020012188       0x14 zephyr/libzephyr.a(soc_common_irq.c.obj)
                0x0000000020012188                soc_interrupt_init
 .text.fe310_clock_init
                0x000000002001219c       0x40 zephyr/libzephyr.a(fe310_clock.c.obj)
 .text.z_log_minimal_printk
                0x00000000200121dc       0x3c zephyr/libzephyr.a(log_minimal.c.obj)
                0x00000000200121dc                z_log_minimal_printk
 .text.sys_trace_idle
                0x0000000020012218        0x4 zephyr/libzephyr.a(tracing_none.c.obj)
                0x0000000020012218                sys_trace_idle
 .text.uart_console_init
                0x000000002001221c       0x48 zephyr/libzephyr.a(uart_console.c.obj)
 .text.console_out
                0x0000000020012264       0x64 zephyr/libzephyr.a(uart_console.c.obj)
 .text.plic_init
                0x00000000200122c8       0x54 zephyr/libzephyr.a(intc_plic.c.obj)
 .text.plic_irq_handler
                0x000000002001231c       0x78 zephyr/libzephyr.a(intc_plic.c.obj)
 .text.riscv_plic_irq_enable
                0x0000000020012394       0x38 zephyr/libzephyr.a(intc_plic.c.obj)
                0x0000000020012394                riscv_plic_irq_enable
 .text.riscv_plic_irq_disable
                0x00000000200123cc       0x3c zephyr/libzephyr.a(intc_plic.c.obj)
                0x00000000200123cc                riscv_plic_irq_disable
 .text.riscv_plic_set_priority
                0x0000000020012408       0x20 zephyr/libzephyr.a(intc_plic.c.obj)
                0x0000000020012408                riscv_plic_set_priority
 .text.riscv_plic_get_irq
                0x0000000020012428        0xc zephyr/libzephyr.a(intc_plic.c.obj)
                0x0000000020012428                riscv_plic_get_irq
 .text.pinmux_sifive_set
                0x0000000020012434       0x5c zephyr/libzephyr.a(pinmux_sifive.c.obj)
 .text.pinmux_sifive_get
                0x0000000020012490       0x3c zephyr/libzephyr.a(pinmux_sifive.c.obj)
 .text.pinmux_sifive_pullup
                0x00000000200124cc        0x8 zephyr/libzephyr.a(pinmux_sifive.c.obj)
 .text.pinmux_sifive_init
                0x00000000200124d4       0x14 zephyr/libzephyr.a(pinmux_sifive.c.obj)
 .text.pinmux_sifive_input
                0x00000000200124e8        0x8 zephyr/libzephyr.a(pinmux_sifive.c.obj)
 .text.mtime    0x00000000200124f0       0x18 zephyr/libzephyr.a(riscv_machine_timer.c.obj)
 .text.timer_isr
                0x0000000020012508       0x74 zephyr/libzephyr.a(riscv_machine_timer.c.obj)
 .text.sys_clock_driver_init
                0x000000002001257c       0x60 zephyr/libzephyr.a(riscv_machine_timer.c.obj)
                0x000000002001257c                sys_clock_driver_init
 .text.sys_clock_set_timeout
                0x00000000200125dc       0xdc zephyr/libzephyr.a(riscv_machine_timer.c.obj)
                0x00000000200125dc                sys_clock_set_timeout
 .text.sys_clock_elapsed
                0x00000000200126b8       0x40 zephyr/libzephyr.a(riscv_machine_timer.c.obj)
                0x00000000200126b8                sys_clock_elapsed
 .text.z_riscv_fatal_error
                0x00000000200126f8      0x148 zephyr/arch/arch/riscv/core/libarch__riscv__core.a(fatal.c.obj)
                0x00000000200126f8                z_riscv_fatal_error
 .text._Fault   0x0000000020012840       0xa4 zephyr/arch/arch/riscv/core/libarch__riscv__core.a(fatal.c.obj)
                0x0000000020012840                _Fault
 .text.z_irq_spurious
                0x00000000200128e4       0x58 zephyr/arch/arch/riscv/core/libarch__riscv__core.a(irq_manage.c.obj)
                0x00000000200128e4                z_irq_spurious
 .text._PrepC   0x000000002001293c       0x18 zephyr/arch/arch/riscv/core/libarch__riscv__core.a(prep_c.c.obj)
                0x000000002001293c                _PrepC
 .text.__initialize
                0x0000000020012954       0x2c zephyr/arch/arch/riscv/core/libarch__riscv__core.a(reset.S.obj)
                0x0000000020012954                __initialize
 .text.z_thread_entry_wrapper
                0x0000000020012980        0x4 zephyr/arch/arch/riscv/core/libarch__riscv__core.a(swap.S.obj)
                0x0000000020012980                z_thread_entry_wrapper
 .text.arch_new_thread
                0x0000000020012984       0x34 zephyr/arch/arch/riscv/core/libarch__riscv__core.a(thread.c.obj)
                0x0000000020012984                arch_new_thread
 .text.strlen   0x00000000200129b8       0x20 zephyr/lib/libc/minimal/liblib__libc__minimal.a(string.c.obj)
                0x00000000200129b8                strlen
 .text.strnlen  0x00000000200129d8       0x24 zephyr/lib/libc/minimal/liblib__libc__minimal.a(string.c.obj)
                0x00000000200129d8                strnlen
 .text.strcmp   0x00000000200129fc       0x24 zephyr/lib/libc/minimal/liblib__libc__minimal.a(string.c.obj)
                0x00000000200129fc                strcmp
 .text.memcmp   0x0000000020012a20       0x38 zephyr/lib/libc/minimal/liblib__libc__minimal.a(string.c.obj)
                0x0000000020012a20                memcmp
 .text.memcpy   0x0000000020012a58       0xa0 zephyr/lib/libc/minimal/liblib__libc__minimal.a(string.c.obj)
                0x0000000020012a58                memcpy
 .text.memset   0x0000000020012af8       0x88 zephyr/lib/libc/minimal/liblib__libc__minimal.a(string.c.obj)
                0x0000000020012af8                memset
 .text._stdout_hook_default
                0x0000000020012b80        0x8 zephyr/lib/libc/minimal/liblib__libc__minimal.a(stdout_console.c.obj)
 .text.__stdout_hook_install
                0x0000000020012b88        0xc zephyr/lib/libc/minimal/liblib__libc__minimal.a(stdout_console.c.obj)
                0x0000000020012b88                __stdout_hook_install
 .text.hifive1_revb_pinmux_init
                0x0000000020012b94       0x5c zephyr/boards/riscv/hifive1_revb/libboards__riscv__hifive1_revb.a(pinmux.c.obj)
 .text.gpio_sifive_config
                0x0000000020012bf0       0xcc zephyr/drivers/gpio/libdrivers__gpio.a(gpio_sifive.c.obj)
 .text.gpio_sifive_port_get_raw
                0x0000000020012cbc       0x18 zephyr/drivers/gpio/libdrivers__gpio.a(gpio_sifive.c.obj)
 .text.gpio_sifive_port_set_masked_raw
                0x0000000020012cd4       0x24 zephyr/drivers/gpio/libdrivers__gpio.a(gpio_sifive.c.obj)
 .text.gpio_sifive_port_set_bits_raw
                0x0000000020012cf8       0x1c zephyr/drivers/gpio/libdrivers__gpio.a(gpio_sifive.c.obj)
 .text.gpio_sifive_port_clear_bits_raw
                0x0000000020012d14       0x20 zephyr/drivers/gpio/libdrivers__gpio.a(gpio_sifive.c.obj)
 .text.gpio_sifive_port_toggle_bits
                0x0000000020012d34       0x1c zephyr/drivers/gpio/libdrivers__gpio.a(gpio_sifive.c.obj)
 .text.gpio_sifive_manage_callback
                0x0000000020012d50       0x84 zephyr/drivers/gpio/libdrivers__gpio.a(gpio_sifive.c.obj)
 .text.gpio_sifive_init
                0x0000000020012dd4       0x48 zephyr/drivers/gpio/libdrivers__gpio.a(gpio_sifive.c.obj)
 .text.gpio_sifive_cfg_0
                0x0000000020012e1c      0x1a4 zephyr/drivers/gpio/libdrivers__gpio.a(gpio_sifive.c.obj)
 .text.gpio_sifive_irq_handler
                0x0000000020012fc0       0xa4 zephyr/drivers/gpio/libdrivers__gpio.a(gpio_sifive.c.obj)
 .text.gpio_sifive_pin_interrupt_configure
                0x0000000020013064      0x134 zephyr/drivers/gpio/libdrivers__gpio.a(gpio_sifive.c.obj)
 .text.uart_sifive_poll_out
                0x0000000020013198       0x18 zephyr/drivers/serial/libdrivers__serial.a(uart_sifive.c.obj)
 .text.uart_sifive_poll_in
                0x00000000200131b0       0x24 zephyr/drivers/serial/libdrivers__serial.a(uart_sifive.c.obj)
 .text.uart_sifive_init
                0x00000000200131d4       0x50 zephyr/drivers/serial/libdrivers__serial.a(uart_sifive.c.obj)
 .text.z_device_state_init
                0x0000000020013224        0x4 zephyr/kernel/libkernel.a(device.c.obj)
                0x0000000020013224                z_device_state_init
 .text.z_sys_init_run_level
                0x0000000020013228       0xa8 zephyr/kernel/libkernel.a(device.c.obj)
                0x0000000020013228                z_sys_init_run_level
 .text.z_device_ready
                0x00000000200132d0       0x24 zephyr/kernel/libkernel.a(device.c.obj)
                0x00000000200132d0                z_device_ready
 .text.z_impl_device_get_binding
                0x00000000200132f4       0xb0 zephyr/kernel/libkernel.a(device.c.obj)
                0x00000000200132f4                z_impl_device_get_binding
 .text.arch_system_halt
                0x00000000200133a4        0xc zephyr/kernel/libkernel.a(fatal.c.obj)
                0x00000000200133a4                arch_system_halt
 .text.k_sys_fatal_error_handler
                0x00000000200133b0       0x28 zephyr/kernel/libkernel.a(fatal.c.obj)
                0x00000000200133b0                k_sys_fatal_error_handler
 .text.z_fatal_error
                0x00000000200133d8       0xdc zephyr/kernel/libkernel.a(fatal.c.obj)
                0x00000000200133d8                z_fatal_error
 .text.z_bss_zero
                0x00000000200134b4       0x20 zephyr/kernel/libkernel.a(init.c.obj)
                0x00000000200134b4                z_bss_zero
 .text.bg_thread_main
                0x00000000200134d4       0x50 zephyr/kernel/libkernel.a(init.c.obj)
 .text.z_cstart
                0x0000000020013524      0x12c zephyr/kernel/libkernel.a(init.c.obj)
                0x0000000020013524                z_cstart
 .text.k_thread_name_get
                0x0000000020013650        0x8 zephyr/kernel/libkernel.a(thread.c.obj)
                0x0000000020013650                k_thread_name_get
 .text.z_setup_new_thread
                0x0000000020013658       0x90 zephyr/kernel/libkernel.a(thread.c.obj)
                0x0000000020013658                z_setup_new_thread
 .text.z_init_static_threads
                0x00000000200136e8      0x128 zephyr/kernel/libkernel.a(thread.c.obj)
                0x00000000200136e8                z_init_static_threads
 .text.idle     0x0000000020013810       0x1c zephyr/kernel/libkernel.a(idle.c.obj)
                0x0000000020013810                idle
 .text.z_impl_k_msgq_put
                0x000000002001382c      0x118 zephyr/kernel/libkernel.a(msg_q.c.obj)
                0x000000002001382c                z_impl_k_msgq_put
 .text.z_impl_k_msgq_get
                0x0000000020013944      0x14c zephyr/kernel/libkernel.a(msg_q.c.obj)
                0x0000000020013944                z_impl_k_msgq_get
 .text.z_impl_k_sem_give
                0x0000000020013a90       0x6c zephyr/kernel/libkernel.a(sem.c.obj)
                0x0000000020013a90                z_impl_k_sem_give
 .text.z_impl_k_sem_take
                0x0000000020013afc       0x54 zephyr/kernel/libkernel.a(sem.c.obj)
                0x0000000020013afc                z_impl_k_sem_take
 .text.sys_dlist_remove
                0x0000000020013b50       0x1c zephyr/kernel/libkernel.a(sched.c.obj)
 .text.unpend_thread_no_timeout
                0x0000000020013b6c       0x34 zephyr/kernel/libkernel.a(sched.c.obj)
 .text.z_reset_time_slice
                0x0000000020013ba0       0x58 zephyr/kernel/libkernel.a(sched.c.obj)
                0x0000000020013ba0                z_reset_time_slice
 .text.k_sched_time_slice_set
                0x0000000020013bf8       0x98 zephyr/kernel/libkernel.a(sched.c.obj)
                0x0000000020013bf8                k_sched_time_slice_set
 .text.z_reschedule
                0x0000000020013c90       0x34 zephyr/kernel/libkernel.a(sched.c.obj)
                0x0000000020013c90                z_reschedule
 .text.z_reschedule_irqlock
                0x0000000020013cc4       0x20 zephyr/kernel/libkernel.a(sched.c.obj)
                0x0000000020013cc4                z_reschedule_irqlock
 .text.z_reschedule_unlocked
                0x0000000020013ce4       0x10 zephyr/kernel/libkernel.a(sched.c.obj)
 .text.k_sched_lock
                0x0000000020013cf4       0x28 zephyr/kernel/libkernel.a(sched.c.obj)
                0x0000000020013cf4                k_sched_lock
 .text.z_priq_dumb_best
                0x0000000020013d1c       0x14 zephyr/kernel/libkernel.a(sched.c.obj)
                0x0000000020013d1c                z_priq_dumb_best
 .text.update_cache
                0x0000000020013d30       0x84 zephyr/kernel/libkernel.a(sched.c.obj)
 .text.unready_thread
                0x0000000020013db4       0x4c zephyr/kernel/libkernel.a(sched.c.obj)
 .text.add_to_waitq_locked
                0x0000000020013e00       0xa0 zephyr/kernel/libkernel.a(sched.c.obj)
 .text.pend     0x0000000020013ea0       0x78 zephyr/kernel/libkernel.a(sched.c.obj)
 .text.z_pend_curr
                0x0000000020013f18       0x3c zephyr/kernel/libkernel.a(sched.c.obj)
                0x0000000020013f18                z_pend_curr
 .text.z_impl_k_thread_suspend
                0x0000000020013f54       0xac zephyr/kernel/libkernel.a(sched.c.obj)
                0x0000000020013f54                z_impl_k_thread_suspend
 .text.k_sched_unlock
                0x0000000020014000       0x48 zephyr/kernel/libkernel.a(sched.c.obj)
                0x0000000020014000                k_sched_unlock
 .text.move_thread_to_end_of_prio_q
                0x0000000020014048       0xc0 zephyr/kernel/libkernel.a(sched.c.obj)
 .text.z_time_slice
                0x0000000020014108       0xa0 zephyr/kernel/libkernel.a(sched.c.obj)
                0x0000000020014108                z_time_slice
 .text.ready_thread
                0x00000000200141a8       0xa0 zephyr/kernel/libkernel.a(sched.c.obj)
 .text.z_ready_thread
                0x0000000020014248       0x30 zephyr/kernel/libkernel.a(sched.c.obj)
                0x0000000020014248                z_ready_thread
 .text.z_sched_start
                0x0000000020014278       0x50 zephyr/kernel/libkernel.a(sched.c.obj)
                0x0000000020014278                z_sched_start
 .text.z_thread_timeout
                0x00000000200142c8       0x6c zephyr/kernel/libkernel.a(sched.c.obj)
                0x00000000200142c8                z_thread_timeout
 .text.z_unpend_first_thread
                0x0000000020014334       0x50 zephyr/kernel/libkernel.a(sched.c.obj)
                0x0000000020014334                z_unpend_first_thread
 .text.z_sched_init
                0x0000000020014384       0x24 zephyr/kernel/libkernel.a(sched.c.obj)
                0x0000000020014384                z_sched_init
 .text.z_impl_k_yield
                0x00000000200143a8       0xd8 zephyr/kernel/libkernel.a(sched.c.obj)
                0x00000000200143a8                z_impl_k_yield
 .text.z_tick_sleep
                0x0000000020014480       0xf4 zephyr/kernel/libkernel.a(sched.c.obj)
 .text.z_impl_k_sleep
                0x0000000020014574       0x50 zephyr/kernel/libkernel.a(sched.c.obj)
                0x0000000020014574                z_impl_k_sleep
 .text.z_impl_k_current_get
                0x00000000200145c4        0xc zephyr/kernel/libkernel.a(sched.c.obj)
                0x00000000200145c4                z_impl_k_current_get
 .text.z_thread_abort
                0x00000000200145d0       0xf4 zephyr/kernel/libkernel.a(sched.c.obj)
                0x00000000200145d0                z_thread_abort
 .text.z_impl_k_thread_abort
                0x00000000200146c4        0x4 zephyr/kernel/libkernel.a(sched.c.obj)
                0x00000000200146c4                z_impl_k_thread_abort
 .text.z_data_copy
                0x00000000200146c8       0x24 zephyr/kernel/libkernel.a(xip.c.obj)
                0x00000000200146c8                z_data_copy
 .text.elapsed  0x00000000200146ec       0x18 zephyr/kernel/libkernel.a(timeout.c.obj)
 .text.next_timeout
                0x0000000020014704       0x90 zephyr/kernel/libkernel.a(timeout.c.obj)
 .text.remove_timeout
                0x0000000020014794       0x58 zephyr/kernel/libkernel.a(timeout.c.obj)
 .text.z_add_timeout
                0x00000000200147ec      0x1b0 zephyr/kernel/libkernel.a(timeout.c.obj)
                0x00000000200147ec                z_add_timeout
 .text.z_abort_timeout
                0x000000002001499c       0x44 zephyr/kernel/libkernel.a(timeout.c.obj)
                0x000000002001499c                z_abort_timeout
 .text.z_set_timeout_expiry
                0x00000000200149e0       0x58 zephyr/kernel/libkernel.a(timeout.c.obj)
                0x00000000200149e0                z_set_timeout_expiry
 .text.sys_clock_announce
                0x0000000020014a38      0x13c zephyr/kernel/libkernel.a(timeout.c.obj)
                0x0000000020014a38                sys_clock_announce
 .text.sys_clock_tick_get
                0x0000000020014b74       0x50 zephyr/kernel/libkernel.a(timeout.c.obj)
                0x0000000020014b74                sys_clock_tick_get
 .text.sys_clock_tick_get_32
                0x0000000020014bc4       0x18 zephyr/kernel/libkernel.a(timeout.c.obj)
                0x0000000020014bc4                sys_clock_tick_get_32
 .text.boot_banner
                0x0000000020014bdc       0x1c zephyr/kernel/libkernel.a(banner.c.obj)
                0x0000000020014bdc                boot_banner
 .text.k_heap_init
                0x0000000020014bf8       0x10 zephyr/kernel/libkernel.a(kheap.c.obj)
                0x0000000020014bf8                k_heap_init
 .text.statics_init
                0x0000000020014c08       0x54 zephyr/kernel/libkernel.a(kheap.c.obj)
 *(SORT_BY_ALIGNMENT(.gnu.linkonce.t.*))
                0x0000000020014c5c                _image_text_end = .
                0x0000000020014c5c                _image_rodata_start = .

initlevel       0x0000000020014c5c       0x48
                0x0000000020014c5c                __init_start = .
                0x0000000020014c5c                __init_PRE_KERNEL_1_start = .
 *(SORT_BY_NAME(SORT_BY_ALIGNMENT(.z_init_PRE_KERNEL_1[0-9]_*)))
 *(SORT_BY_NAME(SORT_BY_ALIGNMENT(.z_init_PRE_KERNEL_1[1-9][0-9]_*)))
 .z_init_PRE_KERNEL_130_
                0x0000000020014c5c        0x8 zephyr/kernel/libkernel.a(kheap.c.obj)
 .z_init_PRE_KERNEL_140_
                0x0000000020014c64        0x8 zephyr/libzephyr.a(intc_plic.c.obj)
 .z_init_PRE_KERNEL_140_
                0x0000000020014c6c        0x8 zephyr/libzephyr.a(pinmux_sifive.c.obj)
 .z_init_PRE_KERNEL_145_
                0x0000000020014c74        0x8 zephyr/libzephyr.a(fe310_clock.c.obj)
 .z_init_PRE_KERNEL_145_
                0x0000000020014c7c        0x8 zephyr/boards/riscv/hifive1_revb/libboards__riscv__hifive1_revb.a(pinmux.c.obj)
 .z_init_PRE_KERNEL_150_
                0x0000000020014c84        0x8 zephyr/drivers/serial/libdrivers__serial.a(uart_sifive.c.obj)
 .z_init_PRE_KERNEL_160_
                0x0000000020014c8c        0x8 zephyr/libzephyr.a(uart_console.c.obj)
                0x0000000020014c94                __init_PRE_KERNEL_2_start = .
 *(SORT_BY_NAME(SORT_BY_ALIGNMENT(.z_init_PRE_KERNEL_2[0-9]_*)))
 .z_init_PRE_KERNEL_20_
                0x0000000020014c94        0x8 zephyr/libzephyr.a(sys_clock_init.c.obj)
 *(SORT_BY_NAME(SORT_BY_ALIGNMENT(.z_init_PRE_KERNEL_2[1-9][0-9]_*)))
                0x0000000020014c9c                __init_POST_KERNEL_start = .
 *(SORT_BY_NAME(SORT_BY_ALIGNMENT(.z_init_POST_KERNEL[0-9]_*)))
 *(SORT_BY_NAME(SORT_BY_ALIGNMENT(.z_init_POST_KERNEL[1-9][0-9]_*)))
 .z_init_POST_KERNEL50_
                0x0000000020014c9c        0x8 zephyr/drivers/gpio/libdrivers__gpio.a(gpio_sifive.c.obj)
                0x0000000020014ca4                __init_APPLICATION_start = .
 *(SORT_BY_NAME(SORT_BY_ALIGNMENT(.z_init_APPLICATION[0-9]_*)))
 *(SORT_BY_NAME(SORT_BY_ALIGNMENT(.z_init_APPLICATION[1-9][0-9]_*)))
                0x0000000020014ca4                __init_SMP_start = .
 *(SORT_BY_NAME(SORT_BY_ALIGNMENT(.z_init_SMP[0-9]_*)))
 *(SORT_BY_NAME(SORT_BY_ALIGNMENT(.z_init_SMP[1-9][0-9]_*)))
                0x0000000020014ca4                __init_end = .

sw_isr_table    0x0000000020014ca4      0x200
                0x0000000020014ca4                . = ALIGN (0x0)
 *(SORT_BY_ALIGNMENT(.gnu.linkonce.sw_isr_table*))
 .gnu.linkonce.sw_isr_table
                0x0000000020014ca4      0x200 zephyr/CMakeFiles/zephyr_final.dir/isr_tables.c.obj
                0x0000000020014ca4                _sw_isr_table

initlevel_error
                0x0000000020014c5c        0x0
 *(SORT_BY_NAME(SORT_BY_ALIGNMENT(.z_init_[_A-Z0-9]*)))
                0x0000000000000001                ASSERT ((SIZEOF (initlevel_error) == 0x0), Undefined initialization levels used.)

app_shmem_regions
                0x0000000020014ea4        0x0
                0x0000000020014ea4                __app_shmem_regions_start = .
 *(SORT_BY_NAME(SORT_BY_ALIGNMENT(.app_regions.*)))
                0x0000000020014ea4                __app_shmem_regions_end = .

bt_l2cap_fixed_chan_area
                0x0000000020014ea4        0x0
                0x0000000020014ea4                _bt_l2cap_fixed_chan_list_start = .
 *(SORT_BY_NAME(SORT_BY_ALIGNMENT(._bt_l2cap_fixed_chan.static.*)))
                0x0000000020014ea4                _bt_l2cap_fixed_chan_list_end = .

bt_gatt_service_static_area
                0x0000000020014ea4        0x0
                0x0000000020014ea4                _bt_gatt_service_static_list_start = .
 *(SORT_BY_NAME(SORT_BY_ALIGNMENT(._bt_gatt_service_static.static.*)))
                0x0000000020014ea4                _bt_gatt_service_static_list_end = .

k_p4wq_initparam_area
                0x0000000020014ea4        0x0
                0x0000000020014ea4                _k_p4wq_initparam_list_start = .
 *(SORT_BY_NAME(SORT_BY_ALIGNMENT(._k_p4wq_initparam.static.*)))
                0x0000000020014ea4                _k_p4wq_initparam_list_end = .

log_strings_sections
                0x0000000020014ea4        0x0
                0x0000000020014ea4                __log_strings_start = .
 *(SORT_BY_NAME(SORT_BY_ALIGNMENT(.log_strings*)))
                0x0000000020014ea4                __log_strings_end = .

log_const_sections
                0x0000000020014ea4       0x10
                0x0000000020014ea4                __log_const_start = .
 *(SORT_BY_NAME(SORT_BY_ALIGNMENT(.log_const_*)))
 .log_const_os  0x0000000020014ea4        0x8 zephyr/kernel/libkernel.a(init.c.obj)
                0x0000000020014ea4                log_const_os
 .log_const_zbus
                0x0000000020014eac        0x8 app/libapp.a(zbus.c.obj)
                0x0000000020014eac                log_const_zbus
                0x0000000020014eb4                __log_const_end = .

log_backends_sections
                0x0000000020014eb4        0x0
                0x0000000020014eb4                __log_backends_start = .
 *(SORT_BY_ALIGNMENT(._log_backend.*))
                0x0000000020014eb4                __log_backends_end = .

shell_area      0x0000000020014eb4        0x0
                0x0000000020014eb4                _shell_list_start = .
 *(SORT_BY_NAME(SORT_BY_ALIGNMENT(._shell.static.*)))
                0x0000000020014eb4                _shell_list_end = .

shell_root_cmds_sections
                0x0000000020014eb4        0x0
                0x0000000020014eb4                __shell_root_cmds_start = .
 *(SORT_BY_NAME(SORT_BY_ALIGNMENT(.shell_root_cmd_*)))
                0x0000000020014eb4                __shell_root_cmds_end = .

font_entry_sections
                0x0000000020014eb4        0x0
                0x0000000020014eb4                __font_entry_start = .
 *(SORT_BY_NAME(SORT_BY_ALIGNMENT(._cfb_font.*)))
                0x0000000020014eb4                __font_entry_end = .

tracing_backend_area
                0x0000000020014eb4        0x0
                0x0000000020014eb4                _tracing_backend_list_start = .
 *(SORT_BY_NAME(SORT_BY_ALIGNMENT(._tracing_backend.static.*)))
                0x0000000020014eb4                _tracing_backend_list_end = .

zephyr_dbg_info
 *(SORT_BY_ALIGNMENT(.dbg_thread_info))

device_handles  0x0000000020014eb4       0x22
                0x0000000020014eb4                __device_handles_start = .
 *(SORT_BY_NAME(SORT_BY_ALIGNMENT(.__device_handles_pass2*)))
 .__device_handles_pass2
                0x0000000020014eb4       0x22 zephyr/CMakeFiles/zephyr_final.dir/dev_handles.c.obj
                0x0000000020014eb4                __devicehdl_DT_N_S_soc_S_gpio_10012000
                0x0000000020014ebe                __devicehdl_sys_init_sys_clock_driver_init0
                0x0000000020014ec4                __devicehdl_DT_N_S_soc_S_serial_10013000
                0x0000000020014ece                __devicehdl_DT_N_S_soc_S_gpio_10012000_S_pinctrl_10012038
                0x0000000020014ed6                __device_handles_end = .

rodata          0x0000000020014ed8      0x9e0
                0x0000000020014ed8                . = ALIGN (0x4)
 *(SORT_BY_ALIGNMENT(.srodata))
 *(SORT_BY_ALIGNMENT(.srodata.*))
 .srodata.pinmux_sifive_0_config
                0x0000000020014ed8        0x4 zephyr/libzephyr.a(pinmux_sifive.c.obj)
 .srodata._k_neg_eagain
                0x0000000020014edc        0x4 zephyr/kernel/libkernel.a(errno.c.obj)
                0x0000000020014edc                _k_neg_eagain
 *(SORT_BY_ALIGNMENT(.rodata))
 .rodata        0x0000000020014ee0      0x100 /home/rodrigo/.local/zephyr-sdk-0.13.2/riscv64-zephyr-elf/bin/../lib/gcc/riscv64-zephyr-elf/10.3.0/libgcc.a(_clz.o)
                0x0000000020014ee0                __clz_tab
 *(SORT_BY_ALIGNMENT(.rodata.*))
 .rodata.__zt_monitor_thread.str1.4
                0x0000000020014fe0       0x8d app/libapp.a(zbus.c.obj)
 *fill*         0x000000002001506d        0x3 
 .rodata.__zt_chan_pub.str1.4
                0x0000000020015070       0x7b app/libapp.a(zbus.c.obj)
 *fill*         0x00000000200150eb        0x1 
 .rodata.__zt_chan_read.str1.4
                0x00000000200150ec       0x31 app/libapp.a(zbus.c.obj)
 *fill*         0x000000002001511d        0x3 
 .rodata.str1.4
                0x0000000020015120       0x39 app/libapp.a(zbus.c.obj)
 *fill*         0x0000000020015159        0x3 
 .rodata.core_thread.str1.4
                0x000000002001515c       0x2c app/libapp.a(core.c.obj)
 .rodata.str1.4
                0x0000000020015188        0xf app/libapp.a(core.c.obj)
 *fill*         0x0000000020015197        0x1 
 .rodata.main.str1.4
                0x0000000020015198       0x1a app/libapp.a(main.c.obj)
 *fill*         0x00000000200151b2        0x2 
 .rodata.net_thread.str1.4
                0x00000000200151b4       0x30 app/libapp.a(net.c.obj)
 .rodata.str1.4
                0x00000000200151e4        0xe app/libapp.a(net.c.obj)
 *fill*         0x00000000200151f2        0x2 
 .rodata.peripheral_thread.str1.4
                0x00000000200151f4       0x21 app/libapp.a(peripheral.c.obj)
 *fill*         0x0000000020015215        0x3 
 .rodata.str1.4
                0x0000000020015218       0x15 app/libapp.a(peripheral.c.obj)
 *fill*         0x000000002001522d        0x3 
 .rodata.cbvprintf.str1.4
                0x0000000020015230        0x6 zephyr/libzephyr.a(cbprintf_complete.c.obj)
 *fill*         0x0000000020015236        0x2 
 .rodata.cbvprintf
                0x0000000020015238       0xfc zephyr/libzephyr.a(cbprintf_complete.c.obj)
 .rodata.uart_console_init.str1.4
                0x0000000020015334        0x7 zephyr/libzephyr.a(uart_console.c.obj)
 *fill*         0x000000002001533b        0x1 
 .rodata.str1.4
                0x000000002001533c       0x11 zephyr/libzephyr.a(pinmux_sifive.c.obj)
 *fill*         0x000000002001534d        0x3 
 .rodata.pinmux_sifive_driver_api
                0x0000000020015350       0x10 zephyr/libzephyr.a(pinmux_sifive.c.obj)
 .rodata.str1.4
                0x0000000020015360        0xa zephyr/libzephyr.a(sys_clock_init.c.obj)
 *fill*         0x000000002001536a        0x2 
 .rodata.z_riscv_fatal_error.str1.4
                0x000000002001536c      0x186 zephyr/arch/arch/riscv/core/libarch__riscv__core.a(fatal.c.obj)
 *fill*         0x00000000200154f2        0x2 
 .rodata._Fault.str1.4
                0x00000000200154f4       0x32 zephyr/arch/arch/riscv/core/libarch__riscv__core.a(fatal.c.obj)
 *fill*         0x0000000020015526        0x2 
 .rodata.str1.4
                0x0000000020015528      0x15d zephyr/arch/arch/riscv/core/libarch__riscv__core.a(fatal.c.obj)
 *fill*         0x0000000020015685        0x3 
 .rodata.CSWTCH.915
                0x0000000020015688       0x40 zephyr/arch/arch/riscv/core/libarch__riscv__core.a(fatal.c.obj)
 .rodata.z_irq_spurious.str1.4
                0x00000000200156c8       0x59 zephyr/arch/arch/riscv/core/libarch__riscv__core.a(irq_manage.c.obj)
 *fill*         0x0000000020015721        0x3 
 .rodata.str1.4
                0x0000000020015724        0x7 zephyr/drivers/gpio/libdrivers__gpio.a(gpio_sifive.c.obj)
 *fill*         0x000000002001572b        0x1 
 .rodata.gpio_sifive_config0
                0x000000002001572c       0x10 zephyr/drivers/gpio/libdrivers__gpio.a(gpio_sifive.c.obj)
 .rodata.gpio_sifive_driver
                0x000000002001573c       0x24 zephyr/drivers/gpio/libdrivers__gpio.a(gpio_sifive.c.obj)
 .rodata.str1.4
                0x0000000020015760        0x7 zephyr/drivers/serial/libdrivers__serial.a(uart_sifive.c.obj)
 .rodata.uart_sifive_dev_cfg_0
                0x0000000020015760       0x14 zephyr/drivers/serial/libdrivers__serial.a(uart_sifive.c.obj)
 .rodata.uart_sifive_driver_api
                0x0000000020015774       0x14 zephyr/drivers/serial/libdrivers__serial.a(uart_sifive.c.obj)
 .rodata.levels.0
                0x0000000020015788       0x14 zephyr/kernel/libkernel.a(device.c.obj)
 .rodata.k_sys_fatal_error_handler.str1.4
                0x000000002001579c       0x14 zephyr/kernel/libkernel.a(fatal.c.obj)
 .rodata.z_fatal_error.str1.4
                0x00000000200157b0       0x5d zephyr/kernel/libkernel.a(fatal.c.obj)
                                         0x65 (size before relaxing)
 *fill*         0x000000002001580d        0x3 
 .rodata.str1.4
                0x0000000020015810       0x4d zephyr/kernel/libkernel.a(fatal.c.obj)
 *fill*         0x000000002001585d        0x3 
 .rodata.CSWTCH.190
                0x0000000020015860       0x14 zephyr/kernel/libkernel.a(fatal.c.obj)
 .rodata.z_cstart.str1.4
                0x0000000020015874        0x5 zephyr/kernel/libkernel.a(init.c.obj)
 *fill*         0x0000000020015879        0x3 
 .rodata.str1.4
                0x000000002001587c        0x3 zephyr/kernel/libkernel.a(init.c.obj)
 *fill*         0x000000002001587f        0x1 
 .rodata.boot_banner.str1.4
                0x0000000020015880       0x37 zephyr/kernel/libkernel.a(banner.c.obj)
                                         0x3b (size before relaxing)
 *(SORT_BY_ALIGNMENT(.gnu.linkonce.r.*))
 *(SORT_BY_ALIGNMENT(.sdata2) SORT_BY_ALIGNMENT(.sdata2.*) SORT_BY_ALIGNMENT(.gnu.linkonce.s2.*))
                0x00000000200158b8                . = ALIGN (0x4)
 *fill*         0x00000000200158b7        0x1 
                0x00000000200158b8                _image_rodata_end = .
                0x00000000200158b8                . = ALIGN (0x4)
                0x00000000200158b8                _image_rom_end = .
                0x00000000000058b8                _image_rom_size = (_image_rom_end - _image_rom_start)

bss             0x0000000080000000      0x3a8
                0x0000000080000000                . = ALIGN (0x4)
                0x0000000080000000                . = ALIGN (0x4)
                0x0000000080000000                __bss_start = .
                0x0000000080000000                _image_ram_start = .
                0x0000000080000000                __kernel_ram_start = .
 *(SORT_BY_ALIGNMENT(.sbss))
 *(SORT_BY_ALIGNMENT(.sbss.*))
 .sbss.last_count
                0x0000000080000000        0x8 zephyr/libzephyr.a(riscv_machine_timer.c.obj)
 .sbss.curr_tick
                0x0000000080000008        0x8 zephyr/kernel/libkernel.a(timeout.c.obj)
 .sbss.__compound_literal.0
                0x0000000080000010        0x4 app/libapp.a(zbus.c.obj)
 .sbss.uart_console_dev
                0x0000000080000014        0x4 zephyr/libzephyr.a(uart_console.c.obj)
 .sbss.save_irq
                0x0000000080000018        0x4 zephyr/libzephyr.a(intc_plic.c.obj)
 .sbss.__devstate_dts_ord_34
                0x000000008000001c        0x4 zephyr/libzephyr.a(pinmux_sifive.c.obj)
 .sbss.__devstate_sys_init_sys_clock_driver_init0
                0x0000000080000020        0x4 zephyr/libzephyr.a(sys_clock_init.c.obj)
 .sbss.__devstate_dts_ord_10
                0x0000000080000024        0x4 zephyr/drivers/gpio/libdrivers__gpio.a(gpio_sifive.c.obj)
 .sbss.__devstate_dts_ord_28
                0x0000000080000028        0x4 zephyr/drivers/serial/libdrivers__serial.a(uart_sifive.c.obj)
 .sbss.slice_max_prio
                0x000000008000002c        0x4 zephyr/kernel/libkernel.a(sched.c.obj)
 .sbss.slice_time
                0x0000000080000030        0x4 zephyr/kernel/libkernel.a(sched.c.obj)
 .sbss.announce_remaining
                0x0000000080000034        0x4 zephyr/kernel/libkernel.a(timeout.c.obj)
 .sbss.z_sys_post_kernel
                0x0000000080000038        0x1 zephyr/kernel/libkernel.a(init.c.obj)
                0x0000000080000038                z_sys_post_kernel
 *(SORT_BY_ALIGNMENT(.bss))
 *(SORT_BY_ALIGNMENT(.bss.*))
 *fill*         0x0000000080000039        0x7 
 .bss._k_thread_obj_zt_monitor_thread_id
                0x0000000080000040       0x88 app/libapp.a(zbus.c.obj)
                0x0000000080000040                _k_thread_obj_zt_monitor_thread_id
 .bss._k_thread_obj_core_thread_id
                0x00000000800000c8       0x88 app/libapp.a(core.c.obj)
                0x00000000800000c8                _k_thread_obj_core_thread_id
 .bss._k_thread_obj_net_thread_id
                0x0000000080000150       0x88 app/libapp.a(net.c.obj)
                0x0000000080000150                _k_thread_obj_net_thread_id
 .bss._k_thread_obj_peripheral_thread_id
                0x00000000800001d8       0x88 app/libapp.a(peripheral.c.obj)
                0x00000000800001d8                _k_thread_obj_peripheral_thread_id
 .bss.z_idle_threads
                0x0000000080000260       0x88 zephyr/kernel/libkernel.a(init.c.obj)
                0x0000000080000260                z_idle_threads
 .bss.z_main_thread
                0x00000000800002e8       0x88 zephyr/kernel/libkernel.a(init.c.obj)
                0x00000000800002e8                z_main_thread
 .bss.gpio_sifive_data0
                0x0000000080000370        0xc zephyr/drivers/gpio/libdrivers__gpio.a(gpio_sifive.c.obj)
 .bss.uart_sifive_data_0
                0x000000008000037c        0x0 zephyr/drivers/serial/libdrivers__serial.a(uart_sifive.c.obj)
 .bss._kernel   0x000000008000037c       0x2c zephyr/kernel/libkernel.a(init.c.obj)
                0x000000008000037c                _kernel
 .bss.lock      0x00000000800003a8        0x0 zephyr/kernel/libkernel.a(sem.c.obj)
 .bss.sched_spinlock
                0x00000000800003a8        0x0 zephyr/kernel/libkernel.a(sched.c.obj)
                0x00000000800003a8                sched_spinlock
 *(SORT_BY_ALIGNMENT(COMMON))
                0x00000000800003a8                __bss_end = ALIGN (0x4)

noinit          0x00000000800003b0     0x2234
 *(SORT_BY_ALIGNMENT(.noinit))
 *(SORT_BY_ALIGNMENT(.noinit.*))
 .noinit."WEST_TOPDIR/zbus/src/zbus.c".1
                0x00000000800003b0      0x800 app/libapp.a(zbus.c.obj)
                0x00000000800003b0                _k_thread_stack_zt_monitor_thread_id
 .noinit."WEST_TOPDIR/zbus/src/core.c".1
                0x0000000080000bb0      0x400 app/libapp.a(core.c.obj)
                0x0000000080000bb0                _k_thread_stack_core_thread_id
 .noinit."WEST_TOPDIR/zbus/src/net.c".1
                0x0000000080000fb0      0x400 app/libapp.a(net.c.obj)
                0x0000000080000fb0                _k_thread_stack_net_thread_id
 .noinit."WEST_TOPDIR/zbus/src/peripheral.c".0
                0x00000000800013b0      0x400 app/libapp.a(peripheral.c.obj)
                0x00000000800013b0                _k_thread_stack_peripheral_thread_id
 .noinit."WEST_TOPDIR/zephyr/kernel/init.c".1
                0x00000000800017b0      0x400 zephyr/kernel/libkernel.a(init.c.obj)
                0x00000000800017b0                z_main_stack
 .noinit."WEST_TOPDIR/zephyr/kernel/init.c".2
                0x0000000080001bb0      0x200 zephyr/kernel/libkernel.a(init.c.obj)
 .noinit."WEST_TOPDIR/zephyr/kernel/init.c".3
                0x0000000080001db0      0x800 zephyr/kernel/libkernel.a(init.c.obj)
                0x0000000080001db0                z_interrupt_stacks
 .noinit."WEST_TOPDIR/zbus/src/zbus.c".0
                0x00000000800025b0       0x20 app/libapp.a(zbus.c.obj)
 .noinit."WEST_TOPDIR/zbus/src/net.c".0
                0x00000000800025d0        0xa app/libapp.a(net.c.obj)
 .noinit."WEST_TOPDIR/zbus/src/core.c".0
                0x00000000800025da        0xa app/libapp.a(core.c.obj)

datas           0x00000000800025e4       0x84 load address 0x00000000200158b8
                0x00000000800025e4                . = ALIGN (0x4)
                0x00000000800025e4                __data_ram_start = .
 *(SORT_BY_ALIGNMENT(.data))
 *(SORT_BY_ALIGNMENT(.data.*))
 .data.__zt_channels
                0x00000000800025e4       0x58 app/libapp.a(zbus.c.obj)
 .data.__zt_channels_lookup_table
                0x000000008000263c        0xc app/libapp.a(zbus.c.obj)
                0x000000008000263c                __zt_channels_lookup_table
 *(SORT_BY_ALIGNMENT(.sdata) SORT_BY_ALIGNMENT(.sdata.*) SORT_BY_ALIGNMENT(.gnu.linkonce.s.*))
 .sdata.__compound_literal.1
                0x0000000080002648        0x8 app/libapp.a(zbus.c.obj)
 .sdata.__compound_literal.2
                0x0000000080002650        0x8 app/libapp.a(zbus.c.obj)
 .sdata._char_out
                0x0000000080002658        0x4 zephyr/libzephyr.a(printk.c.obj)
                0x0000000080002658                _char_out
 .sdata._stdout_hook
                0x000000008000265c        0x4 zephyr/lib/libc/minimal/liblib__libc__minimal.a(stdout_console.c.obj)
 .sdata.timeout_list
                0x0000000080002660        0x8 zephyr/kernel/libkernel.a(timeout.c.obj)
                0x00000000200158b8                __data_rom_start = LOADADDR (datas)

devices         0x0000000080002668       0x60 load address 0x000000002001593c
                0x0000000080002668                __device_start = .
                0x0000000080002668                __device_PRE_KERNEL_1_start = .
 *(SORT_BY_NAME(SORT_BY_ALIGNMENT(.z_device_PRE_KERNEL_1[0-9]_*)))
 *(SORT_BY_NAME(SORT_BY_ALIGNMENT(.z_device_PRE_KERNEL_1[1-9][0-9]_*)))
 .z_device_PRE_KERNEL_140_
                0x0000000080002668       0x18 zephyr/libzephyr.a(pinmux_sifive.c.obj)
                0x0000000080002668                __device_dts_ord_34
 .z_device_PRE_KERNEL_150_
                0x0000000080002680       0x18 zephyr/drivers/serial/libdrivers__serial.a(uart_sifive.c.obj)
                0x0000000080002680                __device_dts_ord_28
                0x0000000080002698                __device_PRE_KERNEL_2_start = .
 *(SORT_BY_NAME(SORT_BY_ALIGNMENT(.z_device_PRE_KERNEL_2[0-9]_*)))
 .z_device_PRE_KERNEL_20_
                0x0000000080002698       0x18 zephyr/libzephyr.a(sys_clock_init.c.obj)
 *(SORT_BY_NAME(SORT_BY_ALIGNMENT(.z_device_PRE_KERNEL_2[1-9][0-9]_*)))
                0x00000000800026b0                __device_POST_KERNEL_start = .
 *(SORT_BY_NAME(SORT_BY_ALIGNMENT(.z_device_POST_KERNEL[0-9]_*)))
 *(SORT_BY_NAME(SORT_BY_ALIGNMENT(.z_device_POST_KERNEL[1-9][0-9]_*)))
 .z_device_POST_KERNEL50_
                0x00000000800026b0       0x18 zephyr/drivers/gpio/libdrivers__gpio.a(gpio_sifive.c.obj)
                0x00000000800026b0                __device_dts_ord_10
                0x00000000800026c8                __device_APPLICATION_start = .
 *(SORT_BY_NAME(SORT_BY_ALIGNMENT(.z_device_APPLICATION[0-9]_*)))
 *(SORT_BY_NAME(SORT_BY_ALIGNMENT(.z_device_APPLICATION[1-9][0-9]_*)))
                0x00000000800026c8                __device_SMP_start = .
 *(SORT_BY_NAME(SORT_BY_ALIGNMENT(.z_device_SMP[0-9]_*)))
 *(SORT_BY_NAME(SORT_BY_ALIGNMENT(.z_device_SMP[1-9][0-9]_*)))
                0x00000000800026c8                __device_end = .

initshell       0x00000000800026c8        0x0 load address 0x000000002001599c
                0x00000000800026c8                __shell_module_start = .
 *(SORT_BY_ALIGNMENT(.shell_module_*))
                0x00000000800026c8                __shell_module_end = .
                0x00000000800026c8                __shell_cmd_start = .
 *(SORT_BY_ALIGNMENT(.shell_cmd_*))
                0x00000000800026c8                __shell_cmd_end = .

log_dynamic_sections
                0x00000000800026c8        0x0 load address 0x000000002001599c
                0x00000000800026c8                __log_dynamic_start = .
 *(SORT_BY_NAME(SORT_BY_ALIGNMENT(.log_dynamic_*)))
                0x00000000800026c8                __log_dynamic_end = .

_static_thread_data_area
                0x00000000800026c8       0xc0 load address 0x000000002001599c
                0x00000000800026c8                __static_thread_data_list_start = .
 *(SORT_BY_NAME(SORT_BY_ALIGNMENT(.__static_thread_data.static.*)))
 .__static_thread_data.static._k_thread_data_core_thread_id
                0x00000000800026c8       0x30 app/libapp.a(core.c.obj)
                0x00000000800026c8                _k_thread_data_core_thread_id
 .__static_thread_data.static._k_thread_data_net_thread_id
                0x00000000800026f8       0x30 app/libapp.a(net.c.obj)
                0x00000000800026f8                _k_thread_data_net_thread_id
 .__static_thread_data.static._k_thread_data_peripheral_thread_id
                0x0000000080002728       0x30 app/libapp.a(peripheral.c.obj)
                0x0000000080002728                _k_thread_data_peripheral_thread_id
 .__static_thread_data.static._k_thread_data_zt_monitor_thread_id
                0x0000000080002758       0x30 app/libapp.a(zbus.c.obj)
                0x0000000080002758                _k_thread_data_zt_monitor_thread_id
                0x0000000080002788                __static_thread_data_list_end = .

k_timer_area    0x0000000080002788        0x0 load address 0x0000000020015a5c
                0x0000000080002788                _k_timer_list_start = .
 *(SORT_BY_NAME(SORT_BY_ALIGNMENT(._k_timer.static.*)))
                0x0000000080002788                _k_timer_list_end = .

k_mem_slab_area
                0x0000000080002788        0x0 load address 0x0000000020015a5c
                0x0000000080002788                _k_mem_slab_list_start = .
 *(SORT_BY_NAME(SORT_BY_ALIGNMENT(._k_mem_slab.static.*)))
                0x0000000080002788                _k_mem_slab_list_end = .

k_mem_pool_area
                0x0000000080002788        0x0 load address 0x0000000020015a5c
                0x0000000080002788                _k_mem_pool_list_start = .
 *(SORT_BY_NAME(SORT_BY_ALIGNMENT(._k_mem_pool.static.*)))
                0x0000000080002788                _k_mem_pool_list_end = .

k_heap_area     0x0000000080002788        0x0 load address 0x0000000020015a5c
                0x0000000080002788                _k_heap_list_start = .
 *(SORT_BY_NAME(SORT_BY_ALIGNMENT(._k_heap.static.*)))
                0x0000000080002788                _k_heap_list_end = .

k_mutex_area    0x0000000080002788        0x0 load address 0x0000000020015a5c
                0x0000000080002788                _k_mutex_list_start = .
 *(SORT_BY_NAME(SORT_BY_ALIGNMENT(._k_mutex.static.*)))
                0x0000000080002788                _k_mutex_list_end = .

k_stack_area    0x0000000080002788        0x0 load address 0x0000000020015a5c
                0x0000000080002788                _k_stack_list_start = .
 *(SORT_BY_NAME(SORT_BY_ALIGNMENT(._k_stack.static.*)))
                0x0000000080002788                _k_stack_list_end = .

k_msgq_area     0x0000000080002788       0x78 load address 0x0000000020015a5c
                0x0000000080002788                _k_msgq_list_start = .
 *(SORT_BY_NAME(SORT_BY_ALIGNMENT(._k_msgq.static.*)))
 ._k_msgq.static.__zt_channels_changed_msgq
                0x0000000080002788       0x28 app/libapp.a(zbus.c.obj)
                0x0000000080002788                __zt_channels_changed_msgq
 ._k_msgq.static.core_queue
                0x00000000800027b0       0x28 app/libapp.a(core.c.obj)
                0x00000000800027b0                core_queue
 ._k_msgq.static.net_queue
                0x00000000800027d8       0x28 app/libapp.a(net.c.obj)
                0x00000000800027d8                net_queue
                0x0000000080002800                _k_msgq_list_end = .

k_mbox_area     0x0000000080002800        0x0 load address 0x0000000020015ad4
                0x0000000080002800                _k_mbox_list_start = .
 *(SORT_BY_NAME(SORT_BY_ALIGNMENT(._k_mbox.static.*)))
                0x0000000080002800                _k_mbox_list_end = .

k_pipe_area     0x0000000080002800        0x0 load address 0x0000000020015ad4
                0x0000000080002800                _k_pipe_list_start = .
 *(SORT_BY_NAME(SORT_BY_ALIGNMENT(._k_pipe.static.*)))
                0x0000000080002800                _k_pipe_list_end = .

k_sem_area      0x0000000080002800       0x30 load address 0x0000000020015ad4
                0x0000000080002800                _k_sem_list_start = .
 *(SORT_BY_NAME(SORT_BY_ALIGNMENT(._k_sem.static.*)))
 ._k_sem.static.__zt_sem_net_pkt
                0x0000000080002800       0x10 app/libapp.a(zbus.c.obj)
                0x0000000080002800                __zt_sem_net_pkt
 ._k_sem.static.__zt_sem_sensor_data
                0x0000000080002810       0x10 app/libapp.a(zbus.c.obj)
                0x0000000080002810                __zt_sem_sensor_data
 ._k_sem.static.__zt_sem_version
                0x0000000080002820       0x10 app/libapp.a(zbus.c.obj)
                0x0000000080002820                __zt_sem_version
                0x0000000080002830                _k_sem_list_end = .

k_queue_area    0x0000000080002830        0x0 load address 0x0000000020015b04
                0x0000000080002830                _k_queue_list_start = .
 *(SORT_BY_NAME(SORT_BY_ALIGNMENT(._k_queue.static.*)))
                0x0000000080002830                _k_queue_list_end = .

k_condvar_area  0x0000000080002830        0x0 load address 0x0000000020015b04
                0x0000000080002830                _k_condvar_list_start = .
 *(SORT_BY_NAME(SORT_BY_ALIGNMENT(._k_condvar.static.*)))
                0x0000000080002830                _k_condvar_list_end = .

_net_buf_pool_area
                0x0000000080002830        0x0 load address 0x0000000020015b04
                0x0000000080002830                _net_buf_pool_list = .
 *(SORT_BY_NAME(SORT_BY_ALIGNMENT(._net_buf_pool.static.*)))
                0x0000000080002830                __data_ram_end = .
                0x0000000080002830                . = ALIGN (0x4)
                0x0000000080002830                _image_ram_end = .
                0x0000000080002830                _end = .
                0x0000000080002830                __kernel_ram_end = .
                0x0000000000002830                __kernel_ram_size = (__kernel_ram_end - __kernel_ram_start)

/DISCARD/
 *(SORT_BY_ALIGNMENT(.irq_info*))
 *(SORT_BY_ALIGNMENT(.intList*))
 *(SORT_BY_ALIGNMENT(.note.GNU-stack))

.stab
 *(SORT_BY_ALIGNMENT(.stab))

.stabstr
 *(SORT_BY_ALIGNMENT(.stabstr))

.stab.excl
 *(SORT_BY_ALIGNMENT(.stab.excl))

.stab.exclstr
 *(SORT_BY_ALIGNMENT(.stab.exclstr))

.stab.index
 *(SORT_BY_ALIGNMENT(.stab.index))

.stab.indexstr
 *(SORT_BY_ALIGNMENT(.stab.indexstr))

.gnu.build.attributes
 *(SORT_BY_ALIGNMENT(.gnu.build.attributes) SORT_BY_ALIGNMENT(.gnu.build.attributes.*))

.comment        0x0000000000000000       0x2e
 *(SORT_BY_ALIGNMENT(.comment))
 .comment       0x0000000000000000       0x2e zephyr/CMakeFiles/zephyr_final.dir/isr_tables.c.obj
                                         0x2f (size before relaxing)
 .comment       0x000000000000002e       0x2f zephyr/CMakeFiles/zephyr_final.dir/dev_handles.c.obj
 .comment       0x000000000000002e       0x2f zephyr/CMakeFiles/offsets.dir/./arch/riscv/core/offsets/offsets.c.obj
 .comment       0x000000000000002e       0x2f app/libapp.a(zbus.c.obj)
 .comment       0x000000000000002e       0x2f app/libapp.a(core.c.obj)
 .comment       0x000000000000002e       0x2f app/libapp.a(main.c.obj)
 .comment       0x000000000000002e       0x2f app/libapp.a(net.c.obj)
 .comment       0x000000000000002e       0x2f app/libapp.a(peripheral.c.obj)
 .comment       0x000000000000002e       0x2f zephyr/libzephyr.a(printk.c.obj)
 .comment       0x000000000000002e       0x2f zephyr/libzephyr.a(thread_entry.c.obj)
 .comment       0x000000000000002e       0x2f zephyr/libzephyr.a(heap.c.obj)
 .comment       0x000000000000002e       0x2f zephyr/libzephyr.a(cbprintf_complete.c.obj)
 .comment       0x000000000000002e       0x2f zephyr/libzephyr.a(configs.c.obj)
 .comment       0x000000000000002e       0x2f zephyr/libzephyr.a(idle.c.obj)
 .comment       0x000000000000002e       0x2f zephyr/libzephyr.a(soc_common_irq.c.obj)
 .comment       0x000000000000002e       0x2f zephyr/libzephyr.a(fe310_clock.c.obj)
 .comment       0x000000000000002e       0x2f zephyr/libzephyr.a(log_minimal.c.obj)
 .comment       0x000000000000002e       0x2f zephyr/libzephyr.a(tracing_none.c.obj)
 .comment       0x000000000000002e       0x2f zephyr/libzephyr.a(uart_console.c.obj)
 .comment       0x000000000000002e       0x2f zephyr/libzephyr.a(intc_plic.c.obj)
 .comment       0x000000000000002e       0x2f zephyr/libzephyr.a(pinmux_sifive.c.obj)
 .comment       0x000000000000002e       0x2f zephyr/libzephyr.a(sys_clock_init.c.obj)
 .comment       0x000000000000002e       0x2f zephyr/libzephyr.a(riscv_machine_timer.c.obj)
 .comment       0x000000000000002e       0x2f zephyr/arch/arch/riscv/core/libarch__riscv__core.a(fatal.c.obj)
 .comment       0x000000000000002e       0x2f zephyr/arch/arch/riscv/core/libarch__riscv__core.a(irq_manage.c.obj)
 .comment       0x000000000000002e       0x2f zephyr/arch/arch/riscv/core/libarch__riscv__core.a(prep_c.c.obj)
 .comment       0x000000000000002e       0x2f zephyr/arch/arch/riscv/core/libarch__riscv__core.a(thread.c.obj)
 .comment       0x000000000000002e       0x2f zephyr/lib/libc/minimal/liblib__libc__minimal.a(string.c.obj)
 .comment       0x000000000000002e       0x2f zephyr/lib/libc/minimal/liblib__libc__minimal.a(stdout_console.c.obj)
 .comment       0x000000000000002e       0x2f zephyr/boards/riscv/hifive1_revb/libboards__riscv__hifive1_revb.a(pinmux.c.obj)
 .comment       0x000000000000002e       0x2f zephyr/drivers/gpio/libdrivers__gpio.a(gpio_sifive.c.obj)
 .comment       0x000000000000002e       0x2f zephyr/drivers/serial/libdrivers__serial.a(uart_sifive.c.obj)
 .comment       0x000000000000002e       0x2f zephyr/kernel/libkernel.a(device.c.obj)
 .comment       0x000000000000002e       0x2f zephyr/kernel/libkernel.a(errno.c.obj)
 .comment       0x000000000000002e       0x2f zephyr/kernel/libkernel.a(fatal.c.obj)
 .comment       0x000000000000002e       0x2f zephyr/kernel/libkernel.a(init.c.obj)
 .comment       0x000000000000002e       0x2f zephyr/kernel/libkernel.a(thread.c.obj)
 .comment       0x000000000000002e       0x2f zephyr/kernel/libkernel.a(idle.c.obj)
 .comment       0x000000000000002e       0x2f zephyr/kernel/libkernel.a(msg_q.c.obj)
 .comment       0x000000000000002e       0x2f zephyr/kernel/libkernel.a(sem.c.obj)
 .comment       0x000000000000002e       0x2f zephyr/kernel/libkernel.a(sched.c.obj)
 .comment       0x000000000000002e       0x2f zephyr/kernel/libkernel.a(xip.c.obj)
 .comment       0x000000000000002e       0x2f zephyr/kernel/libkernel.a(timeout.c.obj)
 .comment       0x000000000000002e       0x2f zephyr/kernel/libkernel.a(banner.c.obj)
 .comment       0x000000000000002e       0x2f zephyr/kernel/libkernel.a(kheap.c.obj)

.debug
 *(SORT_BY_ALIGNMENT(.debug))

.line
 *(SORT_BY_ALIGNMENT(.line))

.debug_srcinfo
 *(SORT_BY_ALIGNMENT(.debug_srcinfo))

.debug_sfnames
 *(SORT_BY_ALIGNMENT(.debug_sfnames))

.debug_aranges  0x0000000000000000      0xce8
 *(SORT_BY_ALIGNMENT(.debug_aranges))
 .debug_aranges
                0x0000000000000000       0x28 zephyr/libzephyr.a(soc_irq.S.obj)
 .debug_aranges
                0x0000000000000028       0x20 zephyr/libzephyr.a(vector.S.obj)
 .debug_aranges
                0x0000000000000048       0x20 zephyr/arch/arch/riscv/core/libarch__riscv__core.a(isr.S.obj)
 .debug_aranges
                0x0000000000000068       0x20 zephyr/arch/arch/riscv/core/libarch__riscv__core.a(reset.S.obj)
 .debug_aranges
                0x0000000000000088       0x28 zephyr/arch/arch/riscv/core/libarch__riscv__core.a(swap.S.obj)
 .debug_aranges
                0x00000000000000b0       0x18 zephyr/CMakeFiles/zephyr_final.dir/isr_tables.c.obj
 .debug_aranges
                0x00000000000000c8       0x18 zephyr/CMakeFiles/zephyr_final.dir/dev_handles.c.obj
 .debug_aranges
                0x00000000000000e0       0x20 zephyr/CMakeFiles/offsets.dir/./arch/riscv/core/offsets/offsets.c.obj
 .debug_aranges
                0x0000000000000100       0x40 app/libapp.a(zbus.c.obj)
 .debug_aranges
                0x0000000000000140       0x20 app/libapp.a(core.c.obj)
 .debug_aranges
                0x0000000000000160       0x20 app/libapp.a(main.c.obj)
 .debug_aranges
                0x0000000000000180       0x20 app/libapp.a(net.c.obj)
 .debug_aranges
                0x00000000000001a0       0x20 app/libapp.a(peripheral.c.obj)
 .debug_aranges
                0x00000000000001c0       0x68 zephyr/libzephyr.a(printk.c.obj)
 .debug_aranges
                0x0000000000000228       0x20 zephyr/libzephyr.a(thread_entry.c.obj)
 .debug_aranges
                0x0000000000000248       0xa8 zephyr/libzephyr.a(heap.c.obj)
 .debug_aranges
                0x00000000000002f0       0x30 zephyr/libzephyr.a(cbprintf_complete.c.obj)
 .debug_aranges
                0x0000000000000320       0x20 zephyr/libzephyr.a(configs.c.obj)
 .debug_aranges
                0x0000000000000340       0x28 zephyr/libzephyr.a(idle.c.obj)
 .debug_aranges
                0x0000000000000368       0x40 zephyr/libzephyr.a(soc_common_irq.c.obj)
 .debug_aranges
                0x00000000000003a8       0x20 zephyr/libzephyr.a(fe310_clock.c.obj)
 .debug_aranges
                0x00000000000003c8       0x30 zephyr/libzephyr.a(log_minimal.c.obj)
 .debug_aranges
                0x00000000000003f8       0x20 zephyr/libzephyr.a(tracing_none.c.obj)
 .debug_aranges
                0x0000000000000418       0x28 zephyr/libzephyr.a(uart_console.c.obj)
 .debug_aranges
                0x0000000000000440       0x50 zephyr/libzephyr.a(intc_plic.c.obj)
 .debug_aranges
                0x0000000000000490       0x38 zephyr/libzephyr.a(pinmux_sifive.c.obj)
 .debug_aranges
                0x00000000000004c8       0x40 zephyr/libzephyr.a(sys_clock_init.c.obj)
 .debug_aranges
                0x0000000000000508       0x48 zephyr/libzephyr.a(riscv_machine_timer.c.obj)
 .debug_aranges
                0x0000000000000550       0x28 zephyr/arch/arch/riscv/core/libarch__riscv__core.a(fatal.c.obj)
 .debug_aranges
                0x0000000000000578       0x20 zephyr/arch/arch/riscv/core/libarch__riscv__core.a(irq_manage.c.obj)
 .debug_aranges
                0x0000000000000598       0x20 zephyr/arch/arch/riscv/core/libarch__riscv__core.a(prep_c.c.obj)
 .debug_aranges
                0x00000000000005b8       0x20 zephyr/arch/arch/riscv/core/libarch__riscv__core.a(thread.c.obj)
 .debug_aranges
                0x00000000000005d8       0x98 zephyr/lib/libc/minimal/liblib__libc__minimal.a(string.c.obj)
 .debug_aranges
                0x0000000000000670       0x58 zephyr/lib/libc/minimal/liblib__libc__minimal.a(stdout_console.c.obj)
 .debug_aranges
                0x00000000000006c8       0x20 zephyr/boards/riscv/hifive1_revb/libboards__riscv__hifive1_revb.a(pinmux.c.obj)
 .debug_aranges
                0x00000000000006e8       0x70 zephyr/drivers/gpio/libdrivers__gpio.a(gpio_sifive.c.obj)
 .debug_aranges
                0x0000000000000758       0x30 zephyr/drivers/serial/libdrivers__serial.a(uart_sifive.c.obj)
 .debug_aranges
                0x0000000000000788       0x50 zephyr/kernel/libkernel.a(device.c.obj)
 .debug_aranges
                0x00000000000007d8       0x20 zephyr/kernel/libkernel.a(errno.c.obj)
 .debug_aranges
                0x00000000000007f8       0x58 zephyr/kernel/libkernel.a(fatal.c.obj)
 .debug_aranges
                0x0000000000000850       0x38 zephyr/kernel/libkernel.a(init.c.obj)
 .debug_aranges
                0x0000000000000888       0xa0 zephyr/kernel/libkernel.a(thread.c.obj)
 .debug_aranges
                0x0000000000000928       0x28 zephyr/kernel/libkernel.a(idle.c.obj)
 .debug_aranges
                0x0000000000000950       0x58 zephyr/kernel/libkernel.a(msg_q.c.obj)
 .debug_aranges
                0x00000000000009a8       0x38 zephyr/kernel/libkernel.a(sem.c.obj)
 .debug_aranges
                0x00000000000009e0      0x1f0 zephyr/kernel/libkernel.a(sched.c.obj)
 .debug_aranges
                0x0000000000000bd0       0x20 zephyr/kernel/libkernel.a(xip.c.obj)
 .debug_aranges
                0x0000000000000bf0       0x98 zephyr/kernel/libkernel.a(timeout.c.obj)
 .debug_aranges
                0x0000000000000c88       0x20 zephyr/kernel/libkernel.a(banner.c.obj)
 .debug_aranges
                0x0000000000000ca8       0x40 zephyr/kernel/libkernel.a(kheap.c.obj)

.debug_pubnames
 *(SORT_BY_ALIGNMENT(.debug_pubnames))

.debug_info     0x0000000000000000    0x21a2b
 *(SORT_BY_ALIGNMENT(.debug_info) SORT_BY_ALIGNMENT(.gnu.linkonce.wi.*))
 .debug_info    0x0000000000000000       0xf0 zephyr/CMakeFiles/zephyr_final.dir/isr_tables.c.obj
 .debug_info    0x00000000000000f0      0x197 zephyr/CMakeFiles/zephyr_final.dir/dev_handles.c.obj
 .debug_info    0x0000000000000287       0x93 zephyr/CMakeFiles/offsets.dir/./arch/riscv/core/offsets/offsets.c.obj
 .debug_info    0x000000000000031a     0x214b app/libapp.a(zbus.c.obj)
 .debug_info    0x0000000000002465      0xb00 app/libapp.a(core.c.obj)
 .debug_info    0x0000000000002f65      0x44e app/libapp.a(main.c.obj)
 .debug_info    0x00000000000033b3      0xa81 app/libapp.a(net.c.obj)
 .debug_info    0x0000000000003e34      0xb12 app/libapp.a(peripheral.c.obj)
 .debug_info    0x0000000000004946      0x4cf zephyr/libzephyr.a(printk.c.obj)
 .debug_info    0x0000000000004e15      0x606 zephyr/libzephyr.a(thread_entry.c.obj)
 .debug_info    0x000000000000541b     0x22cd zephyr/libzephyr.a(heap.c.obj)
 .debug_info    0x00000000000076e8      0xefc zephyr/libzephyr.a(cbprintf_complete.c.obj)
 .debug_info    0x00000000000085e4       0x38 zephyr/libzephyr.a(configs.c.obj)
 .debug_info    0x000000000000861c      0x1a7 zephyr/libzephyr.a(idle.c.obj)
 .debug_info    0x00000000000087c3       0x22 zephyr/libzephyr.a(soc_irq.S.obj)
 .debug_info    0x00000000000087e5      0x3ab zephyr/libzephyr.a(soc_common_irq.c.obj)
 .debug_info    0x0000000000008b90       0x26 zephyr/libzephyr.a(vector.S.obj)
 .debug_info    0x0000000000008bb6      0x18f zephyr/libzephyr.a(fe310_clock.c.obj)
 .debug_info    0x0000000000008d45      0x37b zephyr/libzephyr.a(log_minimal.c.obj)
 .debug_info    0x00000000000090c0       0xb1 zephyr/libzephyr.a(tracing_none.c.obj)
 .debug_info    0x0000000000009171      0x5b7 zephyr/libzephyr.a(uart_console.c.obj)
 .debug_info    0x0000000000009728      0x5b1 zephyr/libzephyr.a(intc_plic.c.obj)
 .debug_info    0x0000000000009cd9      0x591 zephyr/libzephyr.a(pinmux_sifive.c.obj)
 .debug_info    0x000000000000a26a      0x3eb zephyr/libzephyr.a(sys_clock_init.c.obj)
 .debug_info    0x000000000000a655      0x7c4 zephyr/libzephyr.a(riscv_machine_timer.c.obj)
 .debug_info    0x000000000000ae19     0x4230 zephyr/arch/arch/riscv/core/libarch__riscv__core.a(fatal.c.obj)
 .debug_info    0x000000000000f049      0xad0 zephyr/arch/arch/riscv/core/libarch__riscv__core.a(irq_manage.c.obj)
 .debug_info    0x000000000000fb19       0x26 zephyr/arch/arch/riscv/core/libarch__riscv__core.a(isr.S.obj)
 .debug_info    0x000000000000fb3f       0xec zephyr/arch/arch/riscv/core/libarch__riscv__core.a(prep_c.c.obj)
 .debug_info    0x000000000000fc2b       0x26 zephyr/arch/arch/riscv/core/libarch__riscv__core.a(reset.S.obj)
 .debug_info    0x000000000000fc51       0x22 zephyr/arch/arch/riscv/core/libarch__riscv__core.a(swap.S.obj)
 .debug_info    0x000000000000fc73      0x6c5 zephyr/arch/arch/riscv/core/libarch__riscv__core.a(thread.c.obj)
 .debug_info    0x0000000000010338      0x6c8 zephyr/lib/libc/minimal/liblib__libc__minimal.a(string.c.obj)
 .debug_info    0x0000000000010a00      0x5e1 zephyr/lib/libc/minimal/liblib__libc__minimal.a(stdout_console.c.obj)
 .debug_info    0x0000000000010fe1      0x43e zephyr/boards/riscv/hifive1_revb/libboards__riscv__hifive1_revb.a(pinmux.c.obj)
 .debug_info    0x000000000001141f     0x1a10 zephyr/drivers/gpio/libdrivers__gpio.a(gpio_sifive.c.obj)
 .debug_info    0x0000000000012e2f      0x5e1 zephyr/drivers/serial/libdrivers__serial.a(uart_sifive.c.obj)
 .debug_info    0x0000000000013410      0x650 zephyr/kernel/libkernel.a(device.c.obj)
 .debug_info    0x0000000000013a60      0x674 zephyr/kernel/libkernel.a(errno.c.obj)
 .debug_info    0x00000000000140d4     0x1983 zephyr/kernel/libkernel.a(fatal.c.obj)
 .debug_info    0x0000000000015a57      0xd33 zephyr/kernel/libkernel.a(init.c.obj)
 .debug_info    0x000000000001678a     0x1e86 zephyr/kernel/libkernel.a(thread.c.obj)
 .debug_info    0x0000000000018610      0x242 zephyr/kernel/libkernel.a(idle.c.obj)
 .debug_info    0x0000000000018852     0x10b4 zephyr/kernel/libkernel.a(msg_q.c.obj)
 .debug_info    0x0000000000019906      0xb29 zephyr/kernel/libkernel.a(sem.c.obj)
 .debug_info    0x000000000001a42f     0x521e zephyr/kernel/libkernel.a(sched.c.obj)
 .debug_info    0x000000000001f64d       0xdc zephyr/kernel/libkernel.a(xip.c.obj)
 .debug_info    0x000000000001f729     0x195c zephyr/kernel/libkernel.a(timeout.c.obj)
 .debug_info    0x0000000000021085       0xff zephyr/kernel/libkernel.a(banner.c.obj)
 .debug_info    0x0000000000021184      0x8a7 zephyr/kernel/libkernel.a(kheap.c.obj)

.debug_abbrev   0x0000000000000000     0x6dd1
 *(SORT_BY_ALIGNMENT(.debug_abbrev))
 .debug_abbrev  0x0000000000000000       0xb0 zephyr/CMakeFiles/zephyr_final.dir/isr_tables.c.obj
 .debug_abbrev  0x00000000000000b0       0x82 zephyr/CMakeFiles/zephyr_final.dir/dev_handles.c.obj
 .debug_abbrev  0x0000000000000132       0x44 zephyr/CMakeFiles/offsets.dir/./arch/riscv/core/offsets/offsets.c.obj
 .debug_abbrev  0x0000000000000176      0x488 app/libapp.a(zbus.c.obj)
 .debug_abbrev  0x00000000000005fe      0x2c2 app/libapp.a(core.c.obj)
 .debug_abbrev  0x00000000000008c0      0x18e app/libapp.a(main.c.obj)
 .debug_abbrev  0x0000000000000a4e      0x2b1 app/libapp.a(net.c.obj)
 .debug_abbrev  0x0000000000000cff      0x2b7 app/libapp.a(peripheral.c.obj)
 .debug_abbrev  0x0000000000000fb6      0x23e zephyr/libzephyr.a(printk.c.obj)
 .debug_abbrev  0x00000000000011f4      0x1ec zephyr/libzephyr.a(thread_entry.c.obj)
 .debug_abbrev  0x00000000000013e0      0x40b zephyr/libzephyr.a(heap.c.obj)
 .debug_abbrev  0x00000000000017eb      0x385 zephyr/libzephyr.a(cbprintf_complete.c.obj)
 .debug_abbrev  0x0000000000001b70       0x2e zephyr/libzephyr.a(configs.c.obj)
 .debug_abbrev  0x0000000000001b9e      0x11c zephyr/libzephyr.a(idle.c.obj)
 .debug_abbrev  0x0000000000001cba       0x12 zephyr/libzephyr.a(soc_irq.S.obj)
 .debug_abbrev  0x0000000000001ccc      0x170 zephyr/libzephyr.a(soc_common_irq.c.obj)
 .debug_abbrev  0x0000000000001e3c       0x14 zephyr/libzephyr.a(vector.S.obj)
 .debug_abbrev  0x0000000000001e50       0xf4 zephyr/libzephyr.a(fe310_clock.c.obj)
 .debug_abbrev  0x0000000000001f44      0x1d0 zephyr/libzephyr.a(log_minimal.c.obj)
 .debug_abbrev  0x0000000000002114       0x5e zephyr/libzephyr.a(tracing_none.c.obj)
 .debug_abbrev  0x0000000000002172      0x2bb zephyr/libzephyr.a(uart_console.c.obj)
 .debug_abbrev  0x000000000000242d      0x2dd zephyr/libzephyr.a(intc_plic.c.obj)
 .debug_abbrev  0x000000000000270a      0x23a zephyr/libzephyr.a(pinmux_sifive.c.obj)
 .debug_abbrev  0x0000000000002944      0x206 zephyr/libzephyr.a(sys_clock_init.c.obj)
 .debug_abbrev  0x0000000000002b4a      0x3ab zephyr/libzephyr.a(riscv_machine_timer.c.obj)
 .debug_abbrev  0x0000000000002ef5      0x277 zephyr/arch/arch/riscv/core/libarch__riscv__core.a(fatal.c.obj)
 .debug_abbrev  0x000000000000316c      0x220 zephyr/arch/arch/riscv/core/libarch__riscv__core.a(irq_manage.c.obj)
 .debug_abbrev  0x000000000000338c       0x14 zephyr/arch/arch/riscv/core/libarch__riscv__core.a(isr.S.obj)
 .debug_abbrev  0x00000000000033a0       0x64 zephyr/arch/arch/riscv/core/libarch__riscv__core.a(prep_c.c.obj)
 .debug_abbrev  0x0000000000003404       0x14 zephyr/arch/arch/riscv/core/libarch__riscv__core.a(reset.S.obj)
 .debug_abbrev  0x0000000000003418       0x12 zephyr/arch/arch/riscv/core/libarch__riscv__core.a(swap.S.obj)
 .debug_abbrev  0x000000000000342a      0x186 zephyr/arch/arch/riscv/core/libarch__riscv__core.a(thread.c.obj)
 .debug_abbrev  0x00000000000035b0      0x1b8 zephyr/lib/libc/minimal/liblib__libc__minimal.a(string.c.obj)
 .debug_abbrev  0x0000000000003768      0x22d zephyr/lib/libc/minimal/liblib__libc__minimal.a(stdout_console.c.obj)
 .debug_abbrev  0x0000000000003995      0x1f1 zephyr/boards/riscv/hifive1_revb/libboards__riscv__hifive1_revb.a(pinmux.c.obj)
 .debug_abbrev  0x0000000000003b86      0x4d8 zephyr/drivers/gpio/libdrivers__gpio.a(gpio_sifive.c.obj)
 .debug_abbrev  0x000000000000405e      0x264 zephyr/drivers/serial/libdrivers__serial.a(uart_sifive.c.obj)
 .debug_abbrev  0x00000000000042c2      0x34f zephyr/kernel/libkernel.a(device.c.obj)
 .debug_abbrev  0x0000000000004611      0x17c zephyr/kernel/libkernel.a(errno.c.obj)
 .debug_abbrev  0x000000000000478d      0x457 zephyr/kernel/libkernel.a(fatal.c.obj)
 .debug_abbrev  0x0000000000004be4      0x465 zephyr/kernel/libkernel.a(init.c.obj)
 .debug_abbrev  0x0000000000005049      0x571 zephyr/kernel/libkernel.a(thread.c.obj)
 .debug_abbrev  0x00000000000055ba      0x161 zephyr/kernel/libkernel.a(idle.c.obj)
 .debug_abbrev  0x000000000000571b      0x413 zephyr/kernel/libkernel.a(msg_q.c.obj)
 .debug_abbrev  0x0000000000005b2e      0x347 zephyr/kernel/libkernel.a(sem.c.obj)
 .debug_abbrev  0x0000000000005e75      0x5ff zephyr/kernel/libkernel.a(sched.c.obj)
 .debug_abbrev  0x0000000000006474       0x88 zephyr/kernel/libkernel.a(xip.c.obj)
 .debug_abbrev  0x00000000000064fc      0x4c2 zephyr/kernel/libkernel.a(timeout.c.obj)
 .debug_abbrev  0x00000000000069be       0xb8 zephyr/kernel/libkernel.a(banner.c.obj)
 .debug_abbrev  0x0000000000006a76      0x35b zephyr/kernel/libkernel.a(kheap.c.obj)

.debug_line     0x0000000000000000    0x1777c
 *(SORT_BY_ALIGNMENT(.debug_line) SORT_BY_ALIGNMENT(.debug_line.*) SORT_BY_ALIGNMENT(.debug_line_end))
 .debug_line    0x0000000000000000       0xb6 zephyr/CMakeFiles/zephyr_final.dir/isr_tables.c.obj
 .debug_line    0x00000000000000b6      0x114 zephyr/CMakeFiles/zephyr_final.dir/dev_handles.c.obj
 .debug_line    0x00000000000001ca      0x24d zephyr/CMakeFiles/offsets.dir/./arch/riscv/core/offsets/offsets.c.obj
 .debug_line    0x0000000000000417      0xc26 app/libapp.a(zbus.c.obj)
 .debug_line    0x000000000000103d      0x53c app/libapp.a(core.c.obj)
 .debug_line    0x0000000000001579      0x369 app/libapp.a(main.c.obj)
 .debug_line    0x00000000000018e2      0x4cf app/libapp.a(net.c.obj)
 .debug_line    0x0000000000001db1      0x62f app/libapp.a(peripheral.c.obj)
 .debug_line    0x00000000000023e0      0x53b zephyr/libzephyr.a(printk.c.obj)
 .debug_line    0x000000000000291b      0x3d9 zephyr/libzephyr.a(thread_entry.c.obj)
 .debug_line    0x0000000000002cf4     0x1a24 zephyr/libzephyr.a(heap.c.obj)
 .debug_line    0x0000000000004718     0x1702 zephyr/libzephyr.a(cbprintf_complete.c.obj)
 .debug_line    0x0000000000005e1a      0x4b3 zephyr/libzephyr.a(configs.c.obj)
 .debug_line    0x00000000000062cd      0x228 zephyr/libzephyr.a(idle.c.obj)
 .debug_line    0x00000000000064f5       0xd3 zephyr/libzephyr.a(soc_irq.S.obj)
 .debug_line    0x00000000000065c8      0x4af zephyr/libzephyr.a(soc_common_irq.c.obj)
 .debug_line    0x0000000000006a77       0x98 zephyr/libzephyr.a(vector.S.obj)
 .debug_line    0x0000000000006b0f      0x1b1 zephyr/libzephyr.a(fe310_clock.c.obj)
 .debug_line    0x0000000000006cc0      0x430 zephyr/libzephyr.a(log_minimal.c.obj)
 .debug_line    0x00000000000070f0       0x8a zephyr/libzephyr.a(tracing_none.c.obj)
 .debug_line    0x000000000000717a      0x358 zephyr/libzephyr.a(uart_console.c.obj)
 .debug_line    0x00000000000074d2      0x646 zephyr/libzephyr.a(intc_plic.c.obj)
 .debug_line    0x0000000000007b18      0x3f6 zephyr/libzephyr.a(pinmux_sifive.c.obj)
 .debug_line    0x0000000000007f0e      0x214 zephyr/libzephyr.a(sys_clock_init.c.obj)
 .debug_line    0x0000000000008122      0x919 zephyr/libzephyr.a(riscv_machine_timer.c.obj)
 .debug_line    0x0000000000008a3b      0x823 zephyr/arch/arch/riscv/core/libarch__riscv__core.a(fatal.c.obj)
 .debug_line    0x000000000000925e      0x449 zephyr/arch/arch/riscv/core/libarch__riscv__core.a(irq_manage.c.obj)
 .debug_line    0x00000000000096a7      0x219 zephyr/arch/arch/riscv/core/libarch__riscv__core.a(isr.S.obj)
 .debug_line    0x00000000000098c0      0x164 zephyr/arch/arch/riscv/core/libarch__riscv__core.a(prep_c.c.obj)
 .debug_line    0x0000000000009a24       0xaa zephyr/arch/arch/riscv/core/libarch__riscv__core.a(reset.S.obj)
 .debug_line    0x0000000000009ace       0xb4 zephyr/arch/arch/riscv/core/libarch__riscv__core.a(swap.S.obj)
 .debug_line    0x0000000000009b82      0x3c5 zephyr/arch/arch/riscv/core/libarch__riscv__core.a(thread.c.obj)
 .debug_line    0x0000000000009f47      0xc95 zephyr/lib/libc/minimal/liblib__libc__minimal.a(string.c.obj)
 .debug_line    0x000000000000abdc      0x4f9 zephyr/lib/libc/minimal/liblib__libc__minimal.a(stdout_console.c.obj)
 .debug_line    0x000000000000b0d5      0x29c zephyr/boards/riscv/hifive1_revb/libboards__riscv__hifive1_revb.a(pinmux.c.obj)
 .debug_line    0x000000000000b371     0x1235 zephyr/drivers/gpio/libdrivers__gpio.a(gpio_sifive.c.obj)
 .debug_line    0x000000000000c5a6      0x3ac zephyr/drivers/serial/libdrivers__serial.a(uart_sifive.c.obj)
 .debug_line    0x000000000000c952      0x6d4 zephyr/kernel/libkernel.a(device.c.obj)
 .debug_line    0x000000000000d026      0x3c3 zephyr/kernel/libkernel.a(errno.c.obj)
 .debug_line    0x000000000000d3e9      0x7ef zephyr/kernel/libkernel.a(fatal.c.obj)
 .debug_line    0x000000000000dbd8      0x929 zephyr/kernel/libkernel.a(init.c.obj)
 .debug_line    0x000000000000e501      0xf22 zephyr/kernel/libkernel.a(thread.c.obj)
 .debug_line    0x000000000000f423      0x34c zephyr/kernel/libkernel.a(idle.c.obj)
 .debug_line    0x000000000000f76f      0xf7a zephyr/kernel/libkernel.a(msg_q.c.obj)
 .debug_line    0x00000000000106e9      0x8f6 zephyr/kernel/libkernel.a(sem.c.obj)
 .debug_line    0x0000000000010fdf     0x46f6 zephyr/kernel/libkernel.a(sched.c.obj)
 .debug_line    0x00000000000156d5      0x143 zephyr/kernel/libkernel.a(xip.c.obj)
 .debug_line    0x0000000000015818     0x168d zephyr/kernel/libkernel.a(timeout.c.obj)
 .debug_line    0x0000000000016ea5      0x18d zephyr/kernel/libkernel.a(banner.c.obj)
 .debug_line    0x0000000000017032      0x74a zephyr/kernel/libkernel.a(kheap.c.obj)

.debug_frame    0x0000000000000000     0x201c
 *(SORT_BY_ALIGNMENT(.debug_frame))
 .debug_frame   0x0000000000000000       0x20 zephyr/CMakeFiles/offsets.dir/./arch/riscv/core/offsets/offsets.c.obj
 .debug_frame   0x0000000000000020       0xc8 app/libapp.a(zbus.c.obj)
 .debug_frame   0x00000000000000e8       0x2c app/libapp.a(core.c.obj)
 .debug_frame   0x0000000000000114       0x28 app/libapp.a(main.c.obj)
 .debug_frame   0x000000000000013c       0x30 app/libapp.a(net.c.obj)
 .debug_frame   0x000000000000016c       0x34 app/libapp.a(peripheral.c.obj)
 .debug_frame   0x00000000000001a0      0x100 zephyr/libzephyr.a(printk.c.obj)
 .debug_frame   0x00000000000002a0       0x28 zephyr/libzephyr.a(thread_entry.c.obj)
 .debug_frame   0x00000000000002c8      0x32c zephyr/libzephyr.a(heap.c.obj)
 .debug_frame   0x00000000000005f4       0xdc zephyr/libzephyr.a(cbprintf_complete.c.obj)
 .debug_frame   0x00000000000006d0       0x20 zephyr/libzephyr.a(configs.c.obj)
 .debug_frame   0x00000000000006f0       0x4c zephyr/libzephyr.a(idle.c.obj)
 .debug_frame   0x000000000000073c       0x60 zephyr/libzephyr.a(soc_common_irq.c.obj)
 .debug_frame   0x000000000000079c       0x20 zephyr/libzephyr.a(fe310_clock.c.obj)
 .debug_frame   0x00000000000007bc       0x8c zephyr/libzephyr.a(log_minimal.c.obj)
 .debug_frame   0x0000000000000848       0x50 zephyr/libzephyr.a(tracing_none.c.obj)
 .debug_frame   0x0000000000000898       0x54 zephyr/libzephyr.a(uart_console.c.obj)
 .debug_frame   0x00000000000008ec       0xa4 zephyr/libzephyr.a(intc_plic.c.obj)
 .debug_frame   0x0000000000000990       0x60 zephyr/libzephyr.a(pinmux_sifive.c.obj)
 .debug_frame   0x00000000000009f0       0x70 zephyr/libzephyr.a(sys_clock_init.c.obj)
 .debug_frame   0x0000000000000a60       0xc8 zephyr/libzephyr.a(riscv_machine_timer.c.obj)
 .debug_frame   0x0000000000000b28       0x4c zephyr/arch/arch/riscv/core/libarch__riscv__core.a(fatal.c.obj)
 .debug_frame   0x0000000000000b74       0x28 zephyr/arch/arch/riscv/core/libarch__riscv__core.a(irq_manage.c.obj)
 .debug_frame   0x0000000000000b9c       0x28 zephyr/arch/arch/riscv/core/libarch__riscv__core.a(prep_c.c.obj)
 .debug_frame   0x0000000000000bc4       0x20 zephyr/arch/arch/riscv/core/libarch__riscv__core.a(thread.c.obj)
 .debug_frame   0x0000000000000be4      0x15c zephyr/lib/libc/minimal/liblib__libc__minimal.a(string.c.obj)
 .debug_frame   0x0000000000000d40       0xdc zephyr/lib/libc/minimal/liblib__libc__minimal.a(stdout_console.c.obj)
 .debug_frame   0x0000000000000e1c       0x38 zephyr/boards/riscv/hifive1_revb/libboards__riscv__hifive1_revb.a(pinmux.c.obj)
 .debug_frame   0x0000000000000e54      0x110 zephyr/drivers/gpio/libdrivers__gpio.a(gpio_sifive.c.obj)
 .debug_frame   0x0000000000000f64       0x40 zephyr/drivers/serial/libdrivers__serial.a(uart_sifive.c.obj)
 .debug_frame   0x0000000000000fa4      0x100 zephyr/kernel/libkernel.a(device.c.obj)
 .debug_frame   0x00000000000010a4       0x20 zephyr/kernel/libkernel.a(errno.c.obj)
 .debug_frame   0x00000000000010c4       0xd4 zephyr/kernel/libkernel.a(fatal.c.obj)
 .debug_frame   0x0000000000001198       0x70 zephyr/kernel/libkernel.a(init.c.obj)
 .debug_frame   0x0000000000001208      0x190 zephyr/kernel/libkernel.a(thread.c.obj)
 .debug_frame   0x0000000000001398       0x38 zephyr/kernel/libkernel.a(idle.c.obj)
 .debug_frame   0x00000000000013d0      0x14c zephyr/kernel/libkernel.a(msg_q.c.obj)
 .debug_frame   0x000000000000151c       0x80 zephyr/kernel/libkernel.a(sem.c.obj)
 .debug_frame   0x000000000000159c      0x720 zephyr/kernel/libkernel.a(sched.c.obj)
 .debug_frame   0x0000000000001cbc       0x20 zephyr/kernel/libkernel.a(xip.c.obj)
 .debug_frame   0x0000000000001cdc      0x230 zephyr/kernel/libkernel.a(timeout.c.obj)
 .debug_frame   0x0000000000001f0c       0x20 zephyr/kernel/libkernel.a(banner.c.obj)
 .debug_frame   0x0000000000001f2c       0xd0 zephyr/kernel/libkernel.a(kheap.c.obj)
 .debug_frame   0x0000000000001ffc       0x20 /home/rodrigo/.local/zephyr-sdk-0.13.2/riscv64-zephyr-elf/bin/../lib/gcc/riscv64-zephyr-elf/10.3.0/libgcc.a(_clzsi2.o)

.debug_str      0x0000000000000000     0x4db7
 *(SORT_BY_ALIGNMENT(.debug_str))
 .debug_str     0x0000000000000000      0x1e7 zephyr/CMakeFiles/zephyr_final.dir/isr_tables.c.obj
                                        0x21b (size before relaxing)
 .debug_str     0x00000000000001e7      0x267 zephyr/CMakeFiles/zephyr_final.dir/dev_handles.c.obj
                                        0x426 (size before relaxing)
 .debug_str     0x000000000000044e       0x63 zephyr/CMakeFiles/offsets.dir/./arch/riscv/core/offsets/offsets.c.obj
                                        0x220 (size before relaxing)
 .debug_str     0x00000000000004b1      0x8d5 app/libapp.a(zbus.c.obj)
                                        0xd80 (size before relaxing)
 .debug_str     0x0000000000000d86       0xda app/libapp.a(core.c.obj)
                                        0x8f3 (size before relaxing)
 .debug_str     0x0000000000000e60       0x62 app/libapp.a(main.c.obj)
                                        0x400 (size before relaxing)
 .debug_str     0x0000000000000ec2       0xb2 app/libapp.a(net.c.obj)
                                        0x8b2 (size before relaxing)
 .debug_str     0x0000000000000f74       0xd2 app/libapp.a(peripheral.c.obj)
                                        0x8db (size before relaxing)
 .debug_str     0x0000000000001046       0xe3 zephyr/libzephyr.a(printk.c.obj)
                                        0x43d (size before relaxing)
 .debug_str     0x0000000000001129       0x82 zephyr/libzephyr.a(thread_entry.c.obj)
                                        0x4a8 (size before relaxing)
 .debug_str     0x00000000000011ab      0x3a2 zephyr/libzephyr.a(heap.c.obj)
                                        0x63b (size before relaxing)
 .debug_str     0x000000000000154d      0x38a zephyr/libzephyr.a(cbprintf_complete.c.obj)
                                        0x5e4 (size before relaxing)
 .debug_str     0x00000000000018d7       0x65 zephyr/libzephyr.a(configs.c.obj)
                                        0x187 (size before relaxing)
 .debug_str     0x000000000000193c       0xaf zephyr/libzephyr.a(idle.c.obj)
                                        0x274 (size before relaxing)
 .debug_str     0x00000000000019eb       0x6b zephyr/libzephyr.a(soc_irq.S.obj)
                                         0xa1 (size before relaxing)
 .debug_str     0x0000000000001a56      0x14e zephyr/libzephyr.a(soc_common_irq.c.obj)
                                        0x324 (size before relaxing)
 .debug_str     0x0000000000001ba4       0x5c zephyr/libzephyr.a(vector.S.obj)
                                         0xa0 (size before relaxing)
 .debug_str     0x0000000000001c00       0xa3 zephyr/libzephyr.a(fe310_clock.c.obj)
                                        0x3c9 (size before relaxing)
 .debug_str     0x0000000000001ca3       0xb0 zephyr/libzephyr.a(log_minimal.c.obj)
                                        0x2ee (size before relaxing)
 .debug_str     0x0000000000001d53       0x97 zephyr/libzephyr.a(tracing_none.c.obj)
                                        0x263 (size before relaxing)
 .debug_str     0x0000000000001dea      0x194 zephyr/libzephyr.a(uart_console.c.obj)
                                        0x54a (size before relaxing)
 .debug_str     0x0000000000001f7e      0x118 zephyr/libzephyr.a(intc_plic.c.obj)
                                        0x538 (size before relaxing)
 .debug_str     0x0000000000002096      0x18d zephyr/libzephyr.a(pinmux_sifive.c.obj)
                                        0x58a (size before relaxing)
 .debug_str     0x0000000000002223      0x13c zephyr/libzephyr.a(sys_clock_init.c.obj)
                                        0x532 (size before relaxing)
 .debug_str     0x000000000000235f      0x126 zephyr/libzephyr.a(riscv_machine_timer.c.obj)
                                        0x586 (size before relaxing)
 .debug_str     0x0000000000002485      0x118 zephyr/arch/arch/riscv/core/libarch__riscv__core.a(fatal.c.obj)
                                        0x5a4 (size before relaxing)
 .debug_str     0x000000000000259d       0x56 zephyr/arch/arch/riscv/core/libarch__riscv__core.a(irq_manage.c.obj)
                                        0x580 (size before relaxing)
 .debug_str     0x00000000000025f3       0x48 zephyr/arch/arch/riscv/core/libarch__riscv__core.a(isr.S.obj)
                                         0x8c (size before relaxing)
 .debug_str     0x000000000000263b       0x72 zephyr/arch/arch/riscv/core/libarch__riscv__core.a(prep_c.c.obj)
                                        0x242 (size before relaxing)
 .debug_str     0x00000000000026ad       0x4a zephyr/arch/arch/riscv/core/libarch__riscv__core.a(reset.S.obj)
                                         0x8e (size before relaxing)
 .debug_str     0x00000000000026f7       0x49 zephyr/arch/arch/riscv/core/libarch__riscv__core.a(swap.S.obj)
                                         0x8d (size before relaxing)
 .debug_str     0x0000000000002740       0x70 zephyr/arch/arch/riscv/core/libarch__riscv__core.a(thread.c.obj)
                                        0x4b7 (size before relaxing)
 .debug_str     0x00000000000027b0       0xfa zephyr/lib/libc/minimal/liblib__libc__minimal.a(string.c.obj)
                                        0x2f0 (size before relaxing)
 .debug_str     0x00000000000028aa       0xcb zephyr/lib/libc/minimal/liblib__libc__minimal.a(stdout_console.c.obj)
                                        0x2dd (size before relaxing)
 .debug_str     0x0000000000002975       0xa7 zephyr/boards/riscv/hifive1_revb/libboards__riscv__hifive1_revb.a(pinmux.c.obj)
                                        0x496 (size before relaxing)
 .debug_str     0x0000000000002a1c      0xa16 zephyr/drivers/gpio/libdrivers__gpio.a(gpio_sifive.c.obj)
                                        0xf53 (size before relaxing)
 .debug_str     0x0000000000003432      0x176 zephyr/drivers/serial/libdrivers__serial.a(uart_sifive.c.obj)
                                        0x5ca (size before relaxing)
 .debug_str     0x00000000000035a8      0x203 zephyr/kernel/libkernel.a(device.c.obj)
                                        0x47a (size before relaxing)
 .debug_str     0x00000000000037ab       0xb3 zephyr/kernel/libkernel.a(errno.c.obj)
                                        0x60d (size before relaxing)
 .debug_str     0x000000000000385e      0x1fa zephyr/kernel/libkernel.a(fatal.c.obj)
                                        0x9a7 (size before relaxing)
 .debug_str     0x0000000000003a58      0x22f zephyr/kernel/libkernel.a(init.c.obj)
                                        0x907 (size before relaxing)
 .debug_str     0x0000000000003c87      0x2f3 zephyr/kernel/libkernel.a(thread.c.obj)
                                        0xc31 (size before relaxing)
 .debug_str     0x0000000000003f7a       0x5f zephyr/kernel/libkernel.a(idle.c.obj)
                                        0x319 (size before relaxing)
 .debug_str     0x0000000000003fd9      0x1a2 zephyr/kernel/libkernel.a(msg_q.c.obj)
                                        0x75e (size before relaxing)
 .debug_str     0x000000000000417b       0x85 zephyr/kernel/libkernel.a(sem.c.obj)
                                        0x701 (size before relaxing)
 .debug_str     0x0000000000004200      0x865 zephyr/kernel/libkernel.a(sched.c.obj)
                                       0x12a2 (size before relaxing)
 .debug_str     0x0000000000004a65       0x70 zephyr/kernel/libkernel.a(xip.c.obj)
                                        0x240 (size before relaxing)
 .debug_str     0x0000000000004ad5      0x1bd zephyr/kernel/libkernel.a(timeout.c.obj)
                                        0x9bd (size before relaxing)
 .debug_str     0x0000000000004c92       0x4d zephyr/kernel/libkernel.a(banner.c.obj)
                                        0x23f (size before relaxing)
 .debug_str     0x0000000000004cdf       0xd8 zephyr/kernel/libkernel.a(kheap.c.obj)
                                        0x5dc (size before relaxing)

.debug_loc      0x0000000000000000     0xb3c2
 *(SORT_BY_ALIGNMENT(.debug_loc))
 .debug_loc     0x0000000000000000      0x2c4 app/libapp.a(zbus.c.obj)
 .debug_loc     0x00000000000002c4       0x45 app/libapp.a(core.c.obj)
 .debug_loc     0x0000000000000309       0x45 app/libapp.a(net.c.obj)
 .debug_loc     0x000000000000034e       0x70 app/libapp.a(peripheral.c.obj)
 .debug_loc     0x00000000000003be      0x285 zephyr/libzephyr.a(printk.c.obj)
 .debug_loc     0x0000000000000643       0xb8 zephyr/libzephyr.a(thread_entry.c.obj)
 .debug_loc     0x00000000000006fb     0x1d3e zephyr/libzephyr.a(heap.c.obj)
 .debug_loc     0x0000000000002439     0x1282 zephyr/libzephyr.a(cbprintf_complete.c.obj)
 .debug_loc     0x00000000000036bb       0x85 zephyr/libzephyr.a(idle.c.obj)
 .debug_loc     0x0000000000003740      0x24d zephyr/libzephyr.a(soc_common_irq.c.obj)
 .debug_loc     0x000000000000398d       0x21 zephyr/libzephyr.a(fe310_clock.c.obj)
 .debug_loc     0x00000000000039ae      0x205 zephyr/libzephyr.a(log_minimal.c.obj)
 .debug_loc     0x0000000000003bb3      0x124 zephyr/libzephyr.a(uart_console.c.obj)
 .debug_loc     0x0000000000003cd7      0x2a9 zephyr/libzephyr.a(intc_plic.c.obj)
 .debug_loc     0x0000000000003f80       0xf7 zephyr/libzephyr.a(pinmux_sifive.c.obj)
 .debug_loc     0x0000000000004077       0x42 zephyr/libzephyr.a(sys_clock_init.c.obj)
 .debug_loc     0x00000000000040b9      0x20c zephyr/libzephyr.a(riscv_machine_timer.c.obj)
 .debug_loc     0x00000000000042c5       0x84 zephyr/arch/arch/riscv/core/libarch__riscv__core.a(fatal.c.obj)
 .debug_loc     0x0000000000004349       0x3f zephyr/arch/arch/riscv/core/libarch__riscv__core.a(irq_manage.c.obj)